border_size=1
usage=map

Xu          , Xu          , Xu          , Xu          , Uu          , Uu^Ii       , Uu^Ufi      , Uu^Ii       , Ur          , Uh          , Xu          , Xu          , Xu          , Xu          , Xu          , Xu          , Uu          , Ur          , Qxu^Bs\     , Xu          , Xu          , Uu          , Xu          , Uu          , Uh          , Ch          , Uu          , Xu          , Qxu         , Uu          , Uu          , Xu          , Uu          , Qxu^Bs/     , Xu          , Xu          , Xu          , Xu          , Uh          , Uu          , Xu          , Xu          , Qxu^Bs/     , Ur          , Ur          , Ur          , Ur          , Uu          , Uu          , Ur          
Xu          , Xu          , Xu          , Xu          , Uu^Uf       , Uu^Ufi      , Uu^Ufi      , Uu^Ii       , Uu          , Ur          , Ur          , Xu          , Ur          , Xu          , Ur          , Ur          , Ur          , Uu          , Qxu         , Uu          , Uu          , Uu          , Xu          , Uh          , Uu          , Ur          , Qxu^Bs\     , Qxu         , Qxu         , Xu          , Xu          , Uu^Vud      , Xu          , Qxu         , Qxu         , Xu          , Xu          , Xu          , Uu          , Uu          , Cud         , Cud         , Qxu^Bs\     , Qxu         , Qxu         , Uu          , Uu          , Uu          , Ur          , Ur          
Xu          , Xu          , Xu          , Xu          , Xu          , Uu^Uf       , Uu          , Uu          , Uh          , Xu          , Xu          , Ur          , Xu          , Ur          , Xu          , Xu          , Uu          , Xu          , Qxu         , Uu          , Qxu         , Qxu         , Qxu         , Qxu         , Qxu         , Qxu         , Xu          , Ur          , Ur          , Qxu         , Xu          , Uu          , Uu          , Xu          , Xu          , Qxu         , Qxu^Bs/     , Uh          , Qxu         , Qxu         , Qxu^Bs|     , Qxu         , Qxu         , Qxu^Bs\     , Qxu^Bs\     , Qxu         , Qxu         , Ur          , Ur          , Ur          
Xu          , Xu          , Xu          , Xu          , Xu          , Uu^Uf       , Qxu         , Qxu         , Qxu         , Qxu         , Xu          , Xu          , Xu          , Xu          , Xu          , Uu^Vud      , Ur          , Xu          , Xu          , Qxu^Bs|     , Xu          , Xu          , Xu          , Qxu         , Xu          , Qxu         , Qxu         , Uu          , Xu          , Uu          , Ur          , Xu          , Uu          , Xu          , Uu          , Uu          , Qxu         , Qxu         , Qxu         , Qxu         , Cud         , Qxu         , Qxu         , Qxu         , Qxu         , Qxu^Bs\     , Cud         , Qxu^Bs/     , Xu          , Uu          
Xu          , Xu          , Xu          , Xu          , Xu          , Xu          , Qxu         , Qxu         , Xu          , Xu          , Xu          , Xu          , Xu          , Xu          , Uu          , Xu          , Xu          , Ur          , Uu          , Ur          , Ur          , Uu          , Ur          , Qxu         , Qxu         , Qxu         , Ur          , Xu          , Uu^Vud      , Xu          , Ur          , Uu          , Uu          , Xu          , Cud         , Qxu         , Qxu         , Qxu         , Qxu         , Qxu         , Uu          , Qxu         , Qxu         , Qxu         , Qxu         , Qxu         , Cud         , Xu          , Uu          , Uu          
Xu          , Xu          , Xu          , Xu          , Xu          , Xu          , Xu          , Xu          , Xu          , Xu          , Xu          , Xu          , Xu          , Uu          , Xu          , Uu          , Xu          , Xu          , Qxu         , Xu          , Xu          , Xu          , Xu          , Ur          , Uu          , Qxu^Bs/     , Xu          , Ur          , Xu          , Uu^Uf       , Xu          , Xu          , Ur          , Uu          , Qxu         , Qxu^Bs\     , Qxu^Bs\     , Qxu         , Ur          , Cud         , Ql^Bs|      , Cud         , Ur          , Qxu         , Qxu^Bs/     , Qxu^Bs/     , Qxu         , Uh          , Xu          , Xu          
Xu          , Xu          , Xu          , Xu          , Xu          , Xu          , Xu          , Xu          , Xu          , Xu          , Xu          , Xu          , Xu          , Xu          , Xu          , Xu          , Xu          , Qxu         , Xu          , Xu          , Qxu         , Qxu         , Qxu         , Uu          , Xu          , Qxu         , Qxu         , Qxu         , Qxu^Bs/     , Uu          , Xu          , Xu          , Uu          , Uu          , Qxu         , Qxu         , Qxu         , Cud         , Ql^Bs\      , Ql          , 2 Kud       , Ql          , Ql^Bs/      , Cud         , Qxu         , Qxu         , Qxu         , Uu          , Xu          , Xu          
Xu          , Xu          , Xu          , Xu          , Xu          , Xu          , Xu          , Xu          , Xu          , Xu          , Xu          , Xu          , Xu          , Xu          , Xu          , Xu          , Xu          , Qxu         , Qxu         , Qxu         , Uu          , Uu          , Uu          , Qxu^Bs|     , Qxu         , Qxu         , Xu          , Uu          , Qxu         , Qxu         , Xu          , Xu          , Ur          , Uu          , Qxu         , Cud         , Qxu         , Ur          , Ql          , Cud         , Cud         , Cud         , Ql          , Ur          , Qxu         , Cud         , Qxu         , Ur          , Xu          , Xu          
Xu          , Xu          , Xu          , Xu          , Xu          , Xu          , Xu          , Xu          , Xu          , Xu          , Xu          , Xu          , Xu          , Xu          , Xu          , Xu          , Xu          , Xu          , Xu          , Xu          , Xu          , Xu          , Xu          , Uu^Vud      , Xu          , Xu          , Xu          , Uu          , Xu          , Qxu         , Qxu         , Xu          , Uu          , Uu          , Qxu         , Kud         , Qxu         , Ur          , Ql          , Cud         , Cud         , Cud         , Ql          , Ur          , Qxu         , Kud         , Qxu         , Uu          , Xu          , Xu          
Xu          , Xu          , Xu          , Xu          , Xu          , Xu          , Xu          , Xu          , Xu          , Xu          , Xu          , Xu          , Xu          , Xu          , Xu          , Xu          , Xu          , Xu          , Xu          , Xu          , Uu          , Xu          , Xu          , Xu          , Xu          , Xu          , Xu          , Uu          , Uu          , Xu          , Uu          , Qxu^Bs/     , Qxu         , Uu          , Qxu         , Cud         , Qxu         , Ur          , Ql^Bs/      , Cud         , 3 Kud       , Cud         , Ql^Bs\      , Ur          , Qxu         , Cud         , Qxu         , Ur          , Xu          , Xu          
Xu          , Xu          , Xu          , Xu          , Xu          , Xu          , Xu          , Xu          , Xu          , Xu          , Xu          , Xu          , Xu          , Xu          , Xu          , Xu          , Xu          , Xu          , Uu          , Uu          , Uu          , Xu          , Xu          , Xu          , Xu          , Xu          , Xu          , Xu          , Xu          , Xu          , Xu          , Xu          , Ur          , Qxu^Bs|     , Qxu         , Qxu         , Qxu^Bs/     , Cud         , Ur          , Ql          , Ql^Bs|      , Ql          , Ur          , Cud         , Qxu^Bs\     , Qxu         , Qxu         , Ur          , Xu          , Xu          
Xu          , Xu          , Xu          , Xu          , Xu          , Xu          , Xu          , Xu          , Xu          , Xu          , Xu          , Xu          , Xu          , Xu          , Xu          , Xu          , Xu          , Uu          , Xu          , Xu          , Xu          , Xu          , Xu          , Xu          , Xu          , Xu          , Xu          , Xu          , Xu          , Xu          , Xu          , Uu^Uf       , Xu          , Uu          , Cud         , Qxu^Bs/     , Qxu         , Qxu         , Qxu         , Cud         , Uu          , Cud         , Qxu         , Qxu         , Qxu         , Qxu^Bs\     , Cud         , Uu          , Uu          , Xu          
Xu          , Xu          , Xu          , Xu          , Xu          , Xu          , Xu          , Xu          , Xu          , Xu          , Xu          , Xu          , Xu          , Xu          , Xu          , Xu          , Xu          , Xu          , Xu          , Xu          , Xu          , Xu          , Xu          , Xu          , Xu          , Xu          , Xu          , Xu          , Xu          , Xu          , Xu          , Ur          , Xu          , Xu          , Cud         , Qxu         , Qxu         , Qxu         , Qxu         , Qxu         , Cud         , Qxu         , Qxu         , Qxu         , Qxu         , Qxu         , Uu          , Xu          , Uh          , Xu          
Xu          , Xu          , Xu          , Xu          , Xu          , Xu          , Xu          , Xu          , Xu          , Xu          , Xu          , Xu          , Xu          , Xu          , Xu          , Xu          , Xu          , Xu          , Xu          , Xu          , Xu          , Xu          , Xu          , Xu          , Xu          , Xu          , Xu          , Xu          , Xu          , Xu          , Xu          , Uu^Uf       , Ur          , Qxu^Bs/     , Qxu         , Qxu^Bs\     , Qxu^Bs\     , Qxu         , Qxu         , Qxu         , Qxu^Bs|     , Qxu         , Qxu         , Qxu         , Uu          , Uu          , Ur          , Uu          , Xu          , Xu          
Xu          , Xu          , Xu          , Xu          , Xu          , Xu          , Xu          , Xu          , Xu          , Xu          , Xu          , Xu          , Xu          , Xu          , Xu          , Xu          , Xu          , Xu          , Xu          , Xu          , Xu          , Xu          , Xu          , Xu          , Xu          , Xu          , Xu          , Xu          , Xu          , Xu          , Uh          , Ur          , Ur          , Ur          , Uu          , Qxu         , Qxu         , Qxu^Bs\     , Qxu^Bs\     , Qxu         , Cud         , Qxu         , Uu          , Uu          , Xu          , Uh          , Xu          , Xu          , Xu          , Xu          
Xu          , Xu          , Xu          , Xu          , Xu          , Xu          , Xu          , Xu          , Xu          , Xu          , Xu          , Xu          , Xu          , Xu          , Xu          , Xu          , Xu          , Xu          , Xu          , Xu          , Xu          , Xu          , Cud         , Xu          , Uu^Vud      , Xu          , Urb         , Urb         , Uu          , Uh          , Uu          , 1 Ur        , Uu          , Uu          , Urb         , Uu          , Ur          , Qxu         , Qxu^Bs/     , Cud         , Xu          , Uu          , Xu          , Uu          , Qxu         , Qxu         , Qxu         , Xu          , Qxu         , Qxu         
Xu          , Xu          , Xu          , Xu          , Xu          , Xu          , Xu          , Xu          , Ql          , Xu          , Ql          , Xu          , Xu          , Xu          , Xu          , Xu          , Xu          , Xu          , Xu          , Xu          , Cud         , Cud         , Urb         , Uu          , Uu          , Uu          , Xu          , Xu          , Urb         , Ur          , Ur          , Ur          , Ur          , Urb         , Xu          , Urb         , Xu          , Ur          , Xu          , Xu          , Uu^Uf       , Xu          , Uu          , Uu          , Xu          , Qxu         , Xu          , Qxu         , Xu          , Xu          
Xu          , Xu          , Xu          , Xu          , Xu          , Xu          , Xu          , Xu          , Ql          , Ql          , Xu          , Ql          , Ql          , Xu          , Xu          , Xu          , Xu          , Xu          , Cud         , Cud         , Uu          , Uu          , Urb         , Uu          , Xu          , Xu          , Xu          , Urb         , Urb         , Ur          , Uu          , Uu^Uf       , Ql          , Xu          , Xu          , Xu          , Xu          , Uu          , Ur          , Uu^Uf       , Xu          , Uh          , Urb         , Urb         , Xu          , Xu          , Xu          , Xu          , Xu          , Xu          
Xu          , Xu          , Xu          , Xu          , Xu          , Xu          , Ql          , Ql          , Ql          , Ql          , Ql          , Xu          , Xu          , Ql          , Ql          , Xu          , Ql          , Ql          , Uu          , Uu          , Uu^Uf       , Urb         , Xu          , Xu          , Xu          , Xu          , Xu          , Urb         , Ur          , Ur          , Uu          , Ql          , Xu          , Xu          , Xu          , Xu          , Xu          , Xu          , Xu          , Xu          , Xu          , Urb         , Xu          , Xu          , Xu          , Xu          , Xu          , Xu          , Xu          , Xu          
Qxu         , Xu          , Xu          , Xu          , Xu          , Uu          , Uu          , Ql          , Ql          , Xu          , Xu          , Xu          , Xu          , Ql          , Ql          , Ql          , Ql          , Ql          , Uu          , Uu^Uf       , Xu          , Xu          , Xu          , Xu          , Xu          , Xu          , Uue         , Ur          , Uu          , Uu          , Xu          , Uu          , Uu^Uf       , Xu          , Xu          , Xu          , Xu          , Xu          , Xu          , Xu          , Xu          , Xu          , Xu          , Xu          , Xu          , Xu          , Xu          , Xu          , Xu          , Xu          
Qxu         , Xu          , Xu          , Xu          , Qxu         , Qxu         , Qxu         , Uu          , Xu          , Xu          , Xu          , Xu          , Xu          , Xu          , Xu          , Xu          , Uu          , Uu          , Xu          , Xu          , Xu          , Xu          , Xu          , Cud         , Uu^Uf       , Uue         , Uu          , Uue         , Uu^Vud      , Xu          , Xu          , Xu          , Uu          , Xu          , Xu          , Xu          , Xu          , Xu          , Xu          , Xu          , Xu          , Xu          , Xu          , Xu          , Xu          , Xu          , Xu          , Xu          , Xu          , Xu          
Qxu         , Qxu         , Qxu         , Qxu         , Qxu         , Qxu         , Xu          , Xu          , Xu          , Xu          , Xu          , Xu          , Xu          , Xu          , Xu          , Uu^Uf       , Uu          , Xu          , Xu          , Xu          , Xu          , Xu          , Xu          , Xu          , Uue         , Uue         , Uue         , Uue         , Uh          , Xu          , Xu          , Xu          , Xu          , Uu          , Uu^Uf       , Xu          , Xu          , Xu          , Xu          , Xu          , Xu          , Xu          , Xu          , Xu          , Xu          , Xu          , Xu          , Xu          , Xu          , Xu          
Xu          , Qxu         , Xu          , Qxu         , Xu          , Qxu         , Qxu         , Xu          , Xu          , Xu          , Xu          , Xu          , Xu          , Xu          , Qxu         , Qxu         , Qxu         , Uu          , Uu          , Uu          , Uu          , Uu          , Uu^Vud      , Xu          , Uue         , Uu^Uf       , Uue         , Uu          , Xu          , Cud         , Xu          , Xu          , Ql          , Uu          , Uu          , Cud         , Xu          , Xu          , Xu          , Xu          , Xu          , Xu          , Xu          , Xu          , Xu          , Xu          , Xu          , Xu          , Xu          , Xu          
Xu          , Xu          , Xu          , Xu          , Xu          , Xu          , Qxu         , Qxu         , Qxu         , Xu          , Qxu         , Xu          , Qxu         , Qxu         , Xu          , Qxu         , Xu          , Xu          , Uu          , Xu          , Xu          , Xu          , Xu          , Uue         , Uu          , Uue         , Xu          , Xu          , Xu          , Xu          , Xu          , Ql          , Ql          , Uu          , Urb         , Cud         , Xu          , Xu          , Xu          , Xu          , Xu          , Xu          , Xu          , Xu          , Xu          , Xu          , Xu          , Xu          , Xu          , Xu          
Xu          , Xu          , Xu          , Xu          , Xu          , Xu          , Xu          , Qxu         , Xu          , Qxu         , Xu          , Xu          , Qxu         , Xu          , Uu          , Xu          , Cud         , Uu          , Xu          , Xu          , Xu          , Xu          , Uh          , Uue         , Uue         , Uh          , Uu          , Xu          , Xu          , Ql          , Ql          , Ql          , Ql          , Uu          , Urb         , Cud         , Xu          , Xu          , Xu          , Xu          , Xu          , Xu          , Xu          , Xu          , Xu          , Xu          , Xu          , Xu          , Xu          , Xu          
Xu          , Xu          , Xu          , Xu          , Xu          , Xu          , Xu          , Xu          , Qxu         , Qxu         , Qxu         , Qxu         , Qxu^Bs/     , Qxu^Bs/     , Urb         , Urb         , Urb         , Xu          , Xu          , Xu          , Xu          , Xu          , Uh          , Uue         , Uu          , Uh          , Xu          , Uu          , Uu          , Xu          , Xu          , Xu          , Ql          , Urb         , Urb         , Cud         , Xu          , Xu          , Xu          , Xu          , Xu          , Xu          , Xu          , Xu          , Xu          , Xu          , Xu          , Xu          , Xu          , Xu          
Xu          , Xu          , Xu          , Xu          , Xu          , Xu          , Xu          , Xu          , Xu          , Qxu         , Qxu^Bs/     , Qxu^Bs/     , Qxu         , Qxu         , Qxu         , Xu          , Xu          , Urb         , Xu          , Xu          , Xu          , Uu          , Uue         , Uue         , Urb         , Urb         , Urb         , Xu          , Xu          , Uu          , Xu          , Xu          , Xu          , Uu          , Uu          , Cud         , Xu          , Xu          , Xu          , Xu          , Xu          , Xu          , Xu          , Xu          , Xu          , Xu          , Xu          , Xu          , Xu          , Xu          
Xu          , Xu          , Xu          , Xu          , Xu          , Xu          , Xu          , Xu          , Uu          , Uu          , Xu          , Xu          , Qxu         , Qxu         , Qxu         , Xu          , Qxu         , Xu          , Xu          , Xu          , Uu          , Uue         , Uue         , Uue         , Urb         , Urb         , Xu          , Xu          , Xu          , Uu          , Urb         , Xu          , Urb         , Uu          , Uu^Vud      , Xu          , Xu          , Xu          , Xu          , Xu          , Xu          , Xu          , Xu          , Xu          , Xu          , Xu          , Xu          , Xu          , Xu          , Xu          
Xu          , Xu          , Xu          , Xu          , Xu          , Xu          , Xu          , Xu          , Cud         , Uu          , Xu          , Xu          , Cud         , Qxu         , Qxu         , Qxu         , Qxu         , Cud         , Xu          , Cud         , Uue         , Uue         , Uh          , Uh          , Xu          , Xu          , Xu          , Xu          , Xu          , Xu          , Xu          , Urb         , Urb         , Uu          , Xu          , Xu          , Xu          , Xu          , Xu          , Xu          , Xu          , Xu          , Xu          , Xu          , Xu          , Xu          , Xu          , Xu          , Qxu         , Qxu         
Xu          , Xu          , Xu          , Xu          , Xu          , Xu          , Xu          , Xu          , Uu^Uf       , Xu          , Xu          , Xu          , Xu          , Xu          , Qxu         , Qxu         , Qxu         , Qxu         , Qxu^Bs/     , Qxu^Bs/     , Qxu         , Uue         , Cud         , Uu^Vud      , Xu          , Xu          , Xu          , Xu          , Xu          , Xu          , Xu          , Uu          , Uu          , Uu          , Xu          , Xu          , Xu          , Xu          , Xu          , Xu          , Xu          , Xu          , Xu          , Xu          , Xu          , Xu          , Xu          , Xu          , Qxu         , Qxu         
Xu          , Xu          , Xu          , Xu          , Qxu         , Qxu         , Qxu         , Qxu         , Uu^Uf       , Xu          , Xu          , Xu          , Xu          , Cud         , Xu          , Qxu         , Qxu^Bs/     , Cud         , Cud         , Qxu         , Qxu^Bs/     , Qxu^Bs/     , Xu          , Xu          , Xu          , Xu          , Xu          , Xu          , Urb         , Xu          , Xu          , Xu          , Uu          , Xu          , Xu          , Xu          , Xu          , Xu          , Xu          , Xu          , Xu          , Xu          , Xu          , Xu          , Xu          , Xu          , Qxu         , Qxu         , Qxu         , Qxu         
Xu          , Xu          , Xu          , Xu          , Qxu         , Xu          , Xu          , Xu          , Uu          , Xu          , Uu^Uf       , Xu          , Xu          , Xu          , Cud^Sco     , Qxu^Bs/     , Qxu         , Qxu         , Qxu^Bs/     , Cud         , Xu          , Qxu         , Qxu         , Cud         , Xu          , Xu          , Xu          , Xu          , Urb         , Xu          , Uu          , Uu          , Xu          , Xu          , Xu          , Xu          , Xu          , Xu          , Xu          , Xu          , Xu          , Xu          , Qxu         , Xu          , Qxu         , Qxu         , Xu          , Qxu         , Xu          , Xu          
Xu          , Xu          , Xu          , Qxu         , Qxu         , Xu          , Xu          , Urb         , Uu          , Uu          , Uu          , Uu^Uf       , Uu          , Uu          , Uu          , Uu          , Uu          , Qxu^Bs/     , Xu          , Qxu         , Xu          , Xu          , Qxu         , Xu          , Xu          , Xu          , Xu          , Urb         , Uu          , Cud         , Urb         , Urb         , Urb         , Xu          , Xu          , Xu          , Xu          , Xu          , Xu          , Xu          , Qxu         , Qxu         , Qxu         , Qxu         , Xu          , Xu          , Xu          , Xu          , Xu          , Xu          
Xu          , Xu          , Xu          , Qxu         , Xu          , Xu          , Urb         , Urb         , Uu          , Uh          , Uu          , Uu          , Uue         , Uue         , Uh          , Uue         , Uh          , Cud^Sco     , Xu          , Cud         , Xu          , Cud         , Qxu         , Xu          , Xu          , Xu          , Qxu         , Uu          , Uu          , Xu          , Xu          , Urb         , Xu          , Xu          , Xu          , Xu          , Xu          , Xu          , Qxu         , Xu          , Qxu         , Xu          , Xu          , Qxu         , Xu          , Xu          , Xu          , Xu          , Xu          , Xu          
Xu          , Xu          , Xu          , Qxu         , Qxu         , Xu          , Urb         , Urb         , Uu          , Uh          , Uu          , Uu          , Uue         , Uu          , Uu          , Uu          , Uh          , Uu          , Uu          , Xu          , Xu          , Xu          , Xu          , Qxu         , Qxu         , Qxu         , Qxu^Bs/     , Qxu^Bs/     , Xu          , Xu          , Xu          , Xu          , Xu          , Xu          , Xu          , Xu          , Qxu         , Qxu         , Qxu         , Qxu         , Qxu         , Qxu         , Qxu         , Xu          , Xu          , Xu          , Xu          , Xu          , Md^Xm       , Md^Xm       
Xu          , Xu          , Xu          , Qxu         , Xu          , Xu          , Uu^Uf       , Urb         , Uh          , Uh          , Uu          , Uue         , Uu          , Uu          , Qxu         , Qxu         , Xu          , Uu          , Xu          , Uu^Uf       , Uu^Uf       , Xu          , Urb         , Xu          , Qxu^Bs/     , Qxu^Bs/     , Qxu         , Qxu         , Qxu         , Qxu         , Qxu         , Qxu         , Qxu         , Qxu         , Qxu         , Qxu         , Qxu         , Xu          , Xu          , Qxu         , Qxu         , Xu          , Xu          , Xu          , Xu          , Xu          , Md^Xm       , Md^Xm       , Md^Xm       , Md^Xm       
Xu          , Xu          , Xu          , Qxu         , Xu          , Xu          , Uu^Vud      , Uu^Uf       , Uu          , Uu          , Uh          , Uue         , Cud         , Xu          , Qxu         , Qxu         , Qxu         , Xu          , Xu          , Xu          , Xu          , Cud         , Urb         , Urb         , Qxu         , Qxu         , Xu          , Qxu         , Qxu         , Qxu         , Xu          , Qxu         , Xu          , Xu          , Xu          , Qxu         , Qxu         , Xu          , Xu          , Xu          , Xu          , Xu          , Xu          , Xu          , Md^Xm       , Md^Xm       , Md^Xm       , Md^Xm       , Md^Xm       , Md^Xm       
Xu          , Xu          , Xu          , Qxu         , Qxu         , Xu          , Xu          , Uu          , Xu          , Xu          , Xu          , Cud         , Cud         , Cud         , Xu          , Xu          , Qxu         , Qxu         , Xu          , Qxu         , Qxu         , Qxu         , Qxu         , Qxu         , Xu          , Qxu         , Xu          , Xu          , Xu          , Qxu         , Xu          , Xu          , Xu          , Xu          , Xu          , Qxu         , Xu          , Xu          , Xu          , Xu          , Xu          , Xu          , Md^Xm       , Md^Xm       , Md^Xm       , Md^Xm       , Md^Xm       , Md^Xm       , Md          , Md          
Xu          , Xu          , Xu          , Xu          , Xu          , Qxu         , Qxu         , Xu          , Xu          , Xu          , Qxu         , Cud         , 4 Kud       , Cud         , Qxu         , Xu          , Qxu         , Qxu         , Qxu         , Qxu         , Qxu         , Qxu         , Xu          , Xu          , Xu          , Xu          , Md^Xm       , Xu          , Xu          , Xu          , Xu          , Xu          , Xu          , Xu          , Xu          , Xu          , Md^Xm       , Xu          , Md^Xm       , Md^Xm       , Md^Xm       , Md^Xm       , Md^Xm       , Md^Xm       , Md^Xm       , Md^Xm       , Md          , Md          , Md          , Md          
Xu          , Xu          , Xu          , Xu          , Xu          , Xu          , Xu          , Qxu         , Qxu         , Qxu         , Qxu         , Urb         , Urb         , Urb         , Qxu         , Qxu         , Xu          , Xu          , Xu          , Xu          , Xu          , Xu          , Xu          , Xu          , Md^Xm       , Md^Xm       , Md^Xm       , Md^Xm       , Md^Xm       , Md^Xm       , Md^Xm       , Md^Xm       , Md^Xm       , Xu          , Md^Xm       , Md^Xm       , Md^Xm       , Md^Xm       , Md^Xm       , Md^Xm       , Md          , Md^Xm       , Md          , Md          , Md          , Md^Xm       , Md          , Md          , Hd          , Hd          
Xu          , Xu          , Xu          , Xu          , Xu          , Xu          , Xu          , Xu          , Xu          , Xu          , Xu          , Qxu         , Urb         , Urb         , Qxu         , Xu          , Xu          , Xu          , Xu          , Xu          , Md^Xm       , Md^Xm       , Md^Xm       , Md^Xm       , Md^Xm       , Md^Xm       , Md          , Md^Xm       , Md          , Md^Xm       , Md^Xm       , Md^Xm       , Md          , Md^Xm       , Md          , Md^Xm       , Md          , Md^Xm       , Md          , Md          , Hd          , Md          , Hd          , Hd          , Hd          , Md          , Hd          , Hd          , Hd          , Hd          
Xu          , Xu          , Xu          , Xu          , Xu          , Xu          , Xu          , Xu          , Xu          , Xu          , Xu          , Qxu         , Urb         , Ur          , Ur          , Urb         , Urb         , Xu          , Xu          , Xu          , Xos         , Md^Xm       , Md^Xm       , Md^Xm       , Md          , Md          , Md          , Md          , Hd          , Md          , Md          , Md          , Hd          , Md          , Hd          , Md          , Hd          , Hd          , Hd          , Hd          , Hd          , Hd          , Hd          , Hd          , Hd          , Hd          , Hd          , Hd          , Hd          , Hd          
Xu          , Xu          , Xu          , Xu          , Xu          , Xu          , Xu          , Xu          , Xu          , Xu          , Xu          , Urb         , Urb         , Ur          , Urb         , Urb         , Ur          , Urb         , Xos         , Xos         , Hd          , Md          , Md          , Md          , Hd          , Md          , Hd          , Hd          , Hd          , Hd          , Hd          , Hd          , Hd          , Hd          , Hd          , Hd          , Hd          , Hd          , Hd          , Hd          , Hd          , Hd          , Hd          , Hd          , Hd          , Hd          , Hd          , Hd          , Dd          , Dd          
Xu          , Xu          , Md^Xm       , Xu          , Xu          , Xu          , Xu          , Xu          , Xu          , Xu          , Xu          , Xu          , Xu          , Urb         , Urb         , Ur          , Uu          , Xos         , Dd          , Dd          , Dd          , Hd          , Hd          , Hd          , Dd          , Hd          , Hd          , Hd          , Hd          , Hd          , Hd          , Dd          , Hd          , Hd          , Hd          , Hd          , Hd          , Hd          , Hd          , Hd          , Dd          , Hd          , Hd          , Hd          , Hd          , Hd          , Dd          , Dd          , Dd          , Dd          
Md^Xm       , Md^Xm       , Md^Xm       , Md^Xm       , Md^Xm       , Md^Xm       , Md^Xm       , Md^Xm       , Md^Xm       , Md^Xm       , Xu          , Xu          , Xu          , Xu          , Xos         , Xos         , Rd          , Dd          , Dd          , Dd^Dc       , Dd          , Hd          , Dd^Dc       , Hd          , Dd          , Hd          , Hd          , Hd          , Dd          , Hd          , Dd          , Dd          , Dd          , Hd          , Hd          , Hd          , Dd          , Hd          , Dd          , Dd          , Dd          , Dd          , Dd          , Dd          , Dd          , Dd          , Dd          , Dd          , Dd          , Dd          
Md^Xm       , Md^Xm       , Md^Xm       , Md^Xm       , Md^Xm       , Md^Xm       , Md^Xm       , Md^Xm       , Md^Xm       , Md^Xm       , Md^Xm       , Xu          , Xos         , Xos         , Dd          , Dd          , Rd          , Ds          , Ds          , Dd          , Dd          , Hd          , Hd          , Hd          , Dd          , Dd          , Dd          , Dd          , Dd          , Dd          , Dd          , Dd          , Dd          , Dd          , Dd          , Dd          , Dd          , Dd          , Dd          , Dd          , Dd          , Dd          , Dd          , Dd          , Dd          , Dd          , Dd          , Dd          , Dd          , Dd          
Md^Xm       , Md^Xm       , Md^Xm       , Md^Xm       , Md^Xm       , Md^Xm       , Md^Xm       , Md^Xm       , Md^Xm       , Md          , Md          , Md          , Hd          , Hd          , Hd          , Dd          , Dd          , Rd          , Dd          , Dd          , Dd          , Dd          , Dd          , Dd          , Dd          , Dd          , Ds          , Dd          , Dd          , Dd          , Dd          , Dd          , Dd          , Dd          , Dd          , Dd          , Dd          , Dd          , Dd          , Dd          , Dd          , Dd          , Dd          , Dd          , Dd          , Dd          , Ds          , Dd          , Dd          , Dd          
Md          , Md          , Md          , Md          , Md          , Md^Xm       , Md          , Md          , Md          , Md          , Hd          , Hd          , Hd          , Hd          , Hd          , Dd          , Dd          , Rd          , Ds          , Ds          , Dd          , Dd          , Dd          , Dd          , Dd          , Dd          , Dd          , Dd          , Ds          , Dd          , Dd          , Dd          , Dd          , Dd          , Dd          , Dd          , Dd          , Dd          , Dd          , Dd          , Dd          , Dd          , Dd          , Dd          , Dd          , Dd          , Dd          , Dd          , Dd          , Dd          
Hd          , Hd          , Hd          , Hd          , Hd          , Md          , Hd          , Hd          , Hd          , Hd          , Hd          , Hd          , Hd          , Hd          , Dd          , Dd          , Dd          , Dd          , Dd          , Rd          , Rd          , Dd          , Ds          , Dd^Vdt      , Dd          , Dd          , Dd          , Dd          , Ds          , Dd          , Dd          , Dd          , Dd          , Dd          , Dd          , Dd          , Dd          , Dd          , Dd          , Dd          , Dd          , Dd          , Dd          , Dd          , Dd          , Dd          , Dd          , Ds          , Ds          , Dd          
Hd          , Hd          , Hd          , Hd          , Hd          , Hd          , Hd          , Hd          , Hd          , Hd          , Hd          , Hd          , Hd          , Dd^Dc       , Dd          , Dd          , Dd          , Dd^Dc       , Dd          , Dd          , Ds^Dr       , Dd^Do       , Dd          , Dd          , Dd          , Dd^Dc       , Dd          , Dd          , Ds          , Dd          , Dd          , Dd          , Dd          , Dd          , Dd          , Ds          , Dd          , Dd          , Dd          , Ds          , Dd          , Dd          , Dd          , Dd          , Dd          , Ds          , Dd          , Dd          , Dd          , Dd          
Hd          , Hd          , Hd          , Hd          , Hd          , Hd          , Hd          , Hd          , Hd          , Hd          , Hd          , Hd          , Dd          , Dd          , Ds          , Dd          , Dd          , Dd          , Dd^Vdt      , Ds          , Rd          , Ds          , Dd^Vdt      , Dd          , Ds          , Dd          , Ds          , Ds          , Dd          , Dd          , Dd          , Dd          , Dd          , Dd          , Dd          , Dd          , Dd          , Dd          , Dd          , Dd          , Dd          , Dd          , Dd          , Dd          , Dd          , Dd          , Dd          , Dd          , Dd          , Dd          
Dd          , Hd          , Hd          , Hd          , Dd          , Hd          , Dd          , Hd          , Dd          , Dd          , Dd          , Dd          , Dd          , Dd          , Dd          , Dd          , Dd          , Dd          , Dd          , Dd          , Dd          , Rd          , Dd          , Dd          , Dd          , Dd          , Dd          , Dd          , Dd          , Dd          , Dd          , Dd          , Dd          , Dd          , Dd          , Dd          , Dd          , Dd          , Dd          , Dd          , Dd          , Dd          , Dd          , Ds          , Dd          , Dd          , Dd          , Dd          , Dd          , Dd          
