border_size=1
usage=map

Xu          , Xu          , Xu          , Xu          , Xu          , Xu          , Xu          , Xu          , Xu          , Xu          , Xu          , Xu          , Xu          , Xu          , Xu          , Xu          , Xu          , Xu          , Xu          , Xu          , Xu          , Xu          , Xu          , Xu          , Xu          , Xu          , Xu          , Xu          , Xu          , Xu          , Xu          , Xu          , Xu          , Xu          , Xu          , Xu          , Xu          , Xu          , Xu          , Xu          , Xu          , Xu          , Xu          , Xu          , Xu          
Xu          , Xu          , Xu          , Xu          , Xu          , Xu          , Xu          , Xu          , Xu          , Xu          , Xu          , Xu          , Xu          , Xu          , Xu          , Xu          , Xu          , Xu          , Xu          , Xu          , Xu          , Xu          , Xu          , Xu          , Xu          , Xu          , Xu          , Xu          , Xu          , Xu          , Uh          , Uh          , Rd          , Xu          , Xu          , Xu          , Xu          , Xu          , Xu          , Xu          , Xu          , Xu          , Xu          , Xu          , Xu          
Xu          , Xu          , Xu          , Xu          , Xu          , Xu          , Xu          , Xu          , Xu          , Xu          , Xu          , Xu          , Xu          , Xu          , Xu          , Xu          , Xu          , Xu          , Xu          , Xu          , Xu          , Xu          , Xu          , Xu          , Rd          , Uh          , Uu          , Xu          , Xu          , Xu          , Uh          , Uu          , Ur          , Rd          , Ur          , Uu^Vu       , Uh          , Xu          , Xu          , Xu          , Xu          , Xu          , Xu          , Xu          , Xu          
Xu          , Xu          , Xu          , Xu          , Xu          , Xu          , Xu          , Xu          , Xu          , Xu          , Xu          , Xu          , Xu          , Xu          , Xu          , Xu          , Xu          , Xu          , Xu          , Xu          , Xu          , Xu          , Uu          , Uh          , Ur          , Uh          , Uh          , Xu          , Urb         , Xu          , Ur          , Uu          , Uu          , Ur          , Ur          , Ur          , Ur          , Rd          , Rd          , Xu          , Urb         , Xu          , Xu          , Xu          , Xu          
Xu          , Xu          , Xu          , Xu          , Xu          , Xu          , Xu          , Xu          , Xu          , Xu          , Xu          , Xu          , Xu          , Xu          , Xu          , Xu          , Xu          , Xu          , Xu          , Xu          , Xu          , Xu          , Uh          , Uu          , Ur          , Uu          , Xu          , Xu          , Urb         , Ur          , Xu          , Uu          , Ur          , Uu          , Uh          , Urb         , Urb         , Ur          , Ur          , Uu          , Urb         , Uu^Ii       , Uu^Ii       , Xu          , Xu          
Xu          , Xu          , Xu          , Xu          , Xu          , Xu          , Xu          , Xu          , Xu          , Xu          , Xu          , Xu          , Xu          , Xu          , Xu          , Xu          , Xu          , Xu          , Xu          , Xu          , Xu          , Xu          , Uh          , Ur          , Urb         , Ur          , Ur          , Xu          , Ur          , Xu          , Xu          , Uu^Vu       , Ur          , Uh          , Xu          , Xu          , Urb         , Urb         , Uu          , Uu^Ii       , Uu^Ii       , Uu^Ii       , Uu^Ii       , Uu^Ii       , Gg^Ii       
Xu          , Xu          , Xu          , Xu          , Xu          , Xu          , Xu          , Xu          , Xu          , Xu          , Xu          , Xu          , Xu          , Xu          , Xu          , Xu          , Xu          , Xu          , Xu          , Xu          , Xu          , Xu          , Uu^Vu       , Ur          , Urb         , Urb         , Urb         , Ur          , Ur          , Uu          , Uu          , Xu          , Ur          , Uu          , Xu          , Xu          , Xu          , Xu          , Xu          , Uu^Ii       , Uu^Ii       , Uu^Ii       , Rd^Ii       , Gg^Ii       , Gg^Ii       
Xu          , Xu          , Xu          , Xu          , Xu          , Xu          , Xu          , Xu          , Xu          , Xu          , Xu          , Xu          , Xu          , Xu          , Xu          , Xu          , Xu          , Xu          , Xu          , Xu          , Xu          , Xu          , Xu          , Xu          , Xu          , Urb         , Xu          , Ur          , Ur          , Ur          , Ur          , Uu          , Xu          , Uu          , Xu          , Xu          , Xu          , Xu          , Xu          , Uu^Ii       , Uu^Ii       , Uu^Ii       , Gg^Ii       , Rd^Ii       , Rd^Ii       
Xu          , Xu          , Xu          , Xu          , Xu          , Xu          , Xu          , Xu          , Xu          , Xu          , Xu          , Xu          , Xu          , Xu          , Xu          , Xu          , Xu          , Xu          , Uh          , Xu          , Xu          , Xu          , Xu          , Xu          , Uu          , Xu          , Ur          , Ur          , Urb         , Rd          , Rd          , Ur          , Ur          , Uu          , Xu          , Xu          , Xu          , Xu          , Xu          , Xu          , Xu          , Uu^Ii       , Gg^Ii       , Gg^Ii       , Gg^Ii       
Xu          , Xu          , Xu          , Xu          , Xu          , Xu          , Xu          , Xu          , Xu          , Xu          , Xu          , Xu          , Xu          , Xu          , Xu          , Xu          , Xu          , Xu          , Uh          , Urb         , Xu          , Xu          , Urb         , Urb         , Ur          , Uu          , Ur          , Urb         , Xu          , Rd          , Rd          , Rd          , Uu          , Urb         , Xu          , Xu          , Xu          , Xu          , Xu          , Xu          , Xu          , Xu          , Xu          , Gg^Ii       , Gg^Ii       
Xu          , Xu          , Xu          , Xu          , Xu          , Xu          , Xu          , Xu          , Xu          , Xu          , Xu          , Xu          , Xu          , Xu          , Xu          , Xu          , Xu          , Uu          , Uh          , Urb         , Xu          , Xu          , Urb         , Uu          , Ur          , Ur          , Uh          , Xu          , Xu          , Xu          , Xu          , Xu          , Ur          , Urb         , Uu^Vu       , Xu          , Xu          , Xu          , Xu          , Xu          , Xu          , Xu          , Xu          , Xu          , Xu          
Xu          , Xu          , Xu          , Xu          , Xu          , Xu          , Xu          , Xu          , Xu          , Xu          , Xu          , Xu          , Xu          , Xu          , Uu          , Uu          , Xu          , Uu          , Uu          , Xu          , Rd          , Rd          , Ur          , Ur          , Uh          , Xu          , Xu          , Xu          , Xu          , Uh          , Uu^Vu       , Xu          , Uu          , Ur          , Uu          , Xu          , Xu          , Xu          , Ur          , Uh          , Xu          , Xu          , Xu          , Xu          , Xu          
Xu          , Xu          , Xu          , Xu          , Xu          , Xu          , Xu          , Xu          , Xu          , Xu          , Xu          , Xu          , Xu          , Uu          , Uu          , Uu          , Xu          , Uh          , Uu          , Uu          , Ur          , Xu          , Uu          , Uu          , Xu          , Xu          , Xu          , Xu          , Xu          , Uh          , Urb         , Xu          , Uu          , Ur          , Xu          , Uu          , Ur          , Ur          , Uh          , Uh          , Xu          , Xu          , Xu          , Xu          , Xu          
Xu          , Xu          , Xu          , Xu          , Xu          , Xu          , Xu          , Xu          , Xu          , Xu          , Xu          , Xu          , Uu          , Uu          , Uh          , Uu          , Uu          , Xu          , Xu          , Uh          , Uh          , Ur          , Uu^Vu       , Xu          , Xu          , Xu          , Xu          , Xu          , Xu          , Urb         , Urb         , Ur          , Ur          , Ur          , Urb         , Ur          , Uh          , Rd          , Xu          , Xu          , Xu          , Xu          , Xu          , Xu          , Xu          
Xu          , Xu          , Xu          , Xu          , Xu          , Xu          , Xu          , Xu          , Xu          , Xu          , Xu          , Xu          , Uu          , Uu          , Uu          , Uu          , Uu          , Uu          , Xu          , Xu          , Urb         , Urb         , Uh          , Xu          , Xu          , Xu          , Xu          , Xu          , Xu          , Xu          , Xu          , Uu          , Uh          , Uh          , Uh          , Urb         , Xu          , Uh          , Xu          , Xu          , Xu          , Xu          , Xu          , Xu          , Xu          
Xu          , Xu          , Xu          , Xu          , Xu          , Xu          , Xu          , Xu          , Xu          , Xu          , Xu          , Xu          , Uu          , Uu          , Uu          , Uu          , Xu          , Xu          , Xu          , Xu          , Xu          , Xu          , Xu          , Xu          , Xu          , Xu          , Xu          , Xu          , Xu          , Uh          , Uu          , Xu          , Xu          , Xu          , Xu          , Xu          , Xu          , Xu          , Xu          , Xu          , Xu          , Xu          , Xu          , Xu          , Xu          
Xu          , Xu          , Xu          , Xu          , Xu          , Xu          , Xu          , Xu          , Xu          , Xu          , Xu          , Xu          , Uu          , Uh          , Xu          , Xu          , Xu          , Xu          , Xu          , Xu          , Xu          , Xu          , Xu          , Xu          , Xu          , Xu          , Xu          , Xu          , Xu          , Uu          , Uu          , Uu          , Uu          , Uu          , Xu          , Xu          , Xu          , Xu          , Xu          , Xu          , Xu          , Xu          , Xu          , Xu          , Xu          
Xu          , Xu          , Xu          , Xu          , Xu          , Xu          , Xu          , Xu          , Xu          , Xu          , Xu          , Uu          , Uu          , Xu          , Xu          , Xu          , Xu          , Xu          , Xu          , Xu          , Xu          , Xu          , Xu          , Xu          , Xu          , Xu          , Xu          , Xu          , Xu          , Uu          , Uu          , Uu          , Xu          , Xu          , Xu          , Xu          , Xu          , Xu          , Xu          , Xu          , Xu          , Xu          , Xu          , Xu          , Xu          
Xu          , Xu          , Xu          , Xu          , Xu          , Xu          , Xuce        , Xuce        , Xuce        , Xu          , Xu          , Uu          , Uu          , Xu          , Xu          , Xu          , Xu          , Xu          , Xu          , Xu          , Xu          , Xu          , Xu          , Xu          , Xu          , Xu          , Xu          , Xu          , Uh          , Uu          , Uu          , Xu          , Xu          , Xu          , Xu          , Xu          , Xu          , Xu          , Xu          , Xu          , Xu          , Xu          , Xu          , Xu          , Xu          
Xu          , Xu          , Xuce        , Xuce        , Xuce        , Xuce        , Ql          , Ql          , Ql          , Xuce        , Xuce        , Xu          , Uu          , Uu          , Xu          , Xu          , Xu          , Xu          , Xu          , Xu          , Xuce        , Xu          , Xu          , Xu          , Xu          , Xu          , Xu          , Xu          , Xu          , Uu          , Uu          , Xu          , Xu          , Xu          , Xu          , Xu          , Xu          , Xu          , Xu          , Xu          , Xu          , Xu          , Xu          , Xu          , Xu          
Xu          , Xu          , Xuce        , Ql          , Ql          , Ql          , Ql          , Ql          , Ql^Bs/      , Uue         , Uue         , Uue         , Uue         , Uu          , Xu          , Xu          , Xu          , Xu          , Xuce        , Xuce        , Uue         , Xuce        , Xuce        , Xu          , Xu          , Xu          , Xu          , Xu          , Uu          , Uu          , Uh          , Xu          , Xu          , Xu          , Xu          , Xu          , Xu          , Xu          , Xu          , Xu          , Xu          , Xu          , Xu          , Xu          , Xu          
Xu          , Xuce        , Ql          , Ql          , Uue         , Ql          , Uue         , Uue         , Ql          , Ql          , Ql          , Uue         , Uue         , Uue         , Xuce        , Xu          , Xuce        , Xuce        , Uue         , Uue         , Uue         , Uue         , Uue         , Xuce        , Xuce        , Xu          , Xuce        , Xu          , Uu          , Uu          , Xu          , Xu          , Xu          , Xu          , Xu          , Xu          , Xu          , Xu          , Xu          , Xu          , Xu          , Xu          , Xu          , Xu          , Xu          
Xuce        , Xuce        , Ql          , Uue         , Uue         , Uue         , Uue         , Ql          , Ql          , Ql          , Ql          , Uue         , Uue         , Uue         , Uue         , Xuce        , Ql          , Uue         , Uue         , Uue         , Uue         , Uue         , Uue         , Uue         , Uue         , Xuce        , Uue         , Xuce        , Uue         , Uu          , Xuce        , Xu          , Xu          , Xu          , Xu          , Xu          , Xu          , Xu          , Xu          , Xu          , Xu          , Xu          , Xu          , Xu          , Xu          
Xuce        , Ql          , Ql          , Ql          , Ql          , Ql          , Ql          , Ql^Bs\      , Uue         , Ql          , Ql          , Uue         , Uue         , Ql          , Ql          , Ql^Bs\      , Uue         , Uue         , Ql          , Ql          , Ql^Bs/      , Uue         , Uue         , Uue         , Uue         , Uue         , Xuce        , Uue         , Uue         , Uue         , Xuce        , Xu          , Xu          , Xu          , Xu          , Xu          , Xu          , Xu          , Xu          , Xu          , Xu          , Xu          , Xu          , Xu          , Xu          
Xuce        , Ql          , Uue         , Ql          , Ql          , Ql          , Ql          , Ql          , Uue         , Uue         , Uue         , Uue         , Uue         , Ql          , Uue         , Ql          , Ql          , Ql          , Uue         , Uue         , Ql          , Ql          , Ql          , Uue         , Ql          , Xuce        , Uue         , Uue         , Xuce        , Xuce        , Xu          , Xu          , Xu          , Xu          , Xu          , Xu          , Xu          , Xu          , Xu          , Xu          , Xu          , Xu          , Xu          , Xu          , Xu          
Xuce        , Uue         , Uue         , Uue         , Ql          , Ql          , Ql          , Ql          , Uue         , Uue         , Uue         , Uue         , Uue         , Uue         , Uue         , Ql          , Ql^Bs/      , Uue         , Ql          , Ql          , Ql          , Ql          , Ql          , Ql^Bs|      , Uue         , Uue         , Uue         , Xuce        , Xu          , Xu          , Xu          , Xu          , Xu          , Xu          , Xu          , Xu          , Xu          , Xu          , Xu          , Xu          , Xu          , Xu          , Xu          , Xu          , Xu          
Xu          , Xuce        , Xuce        , Ql          , Ql^Bs/      , Uue         , Uue         , Uue         , Uue         , Uue         , Ce          , Ce          , Ce          , Uue         , Uue         , Uue         , Uue         , Ql          , Uue         , Uue         , Ql^Bs/      , Uue         , Ql^Bs\      , Uue         , Uue         , Uue         , Xuce        , Xuce        , Xu          , Xu          , Xu          , Xu          , Xu          , Xu          , Xu          , Xu          , Xu          , Xu          , Xu          , Xu          , Xu          , Xu          , Xu          , Xu          , Xu          
Xu          , Xuce        , Uue         , Uue         , Uue         , Ql^Bs/      , Ql          , Uue         , Uue         , Uue         , Ce          , Ke          , Ce          , Uue         , Uue         , Uue         , Uue         , Ql^Bs/      , Ql          , Uue         , Ql          , Ql          , Ql          , Uue         , Xuce        , Xuce        , Xu          , Xu          , Xu          , Xu          , Xu          , Xu          , Xu          , Xu          , Xu          , Xu          , Xu          , Xu          , Xu          , Xu          , Xu          , Xu          , Xu          , Xu          , Xu          
Xu          , Xuce        , Uue         , Uue         , Ql          , Ql          , Ql          , Ql          , Uue         , Uue         , Uue         , Ce          , Uue         , Uue         , Uue         , Uue         , Ql          , Ql          , Ql          , Ql          , Ql          , Ql          , Ql          , Ql          , Ql          , Xuce        , Xu          , Xu          , Xu          , Xu          , Xu          , Xu          , Xu          , Xu          , Xu          , Xu          , Xu          , Xu          , Xu          , Xu          , Xu          , Xu          , Xu          , Xu          , Xu          
Xu          , Xuce        , Uue         , Uue         , Ql          , Ql          , Ql          , Ql          , Ql^Bs/      , Uue         , Uue         , Uue         , Uue         , Uue         , Ql          , Ql          , Uue         , Uue         , Ql          , Uue         , Ql          , Ql          , Ql          , Ql          , Ql          , Xuce        , Xu          , Xu          , Xu          , Xu          , Xu          , Xu          , Xu          , Xu          , Xu          , Xu          , Xu          , Xu          , Xu          , Xu          , Xu          , Xu          , Xu          , Xu          , Xu          
Xu          , Xuce        , Xuce        , Uue         , Uue         , Ql          , Ql          , Uue         , Uue         , Ql          , Ql          , Ql          , Ql          , Uue         , Uue         , Ql          , Ql          , Ql          , Ql^Bs/      , Uue         , Uue         , Ql          , Uue         , Ql          , Uue         , Xuce        , Xu          , Xu          , Xu          , Xu          , Xu          , Xu          , Xu          , Xu          , Xu          , Xu          , Xu          , Xu          , Xu          , Xu          , Xu          , Xu          , Xu          , Xu          , Xu          
Xu          , Xu          , Xu          , Xuce        , Uue         , Uue         , Uue         , Ql^Bs/      , Ql          , Ql          , Ql          , Ql          , Ql          , Ql          , Ql          , Ql^Bs\      , Uue         , Uue         , Ql          , Ql          , Ql          , Uue         , Uue         , Uue         , Xuce        , Xuce        , Xu          , Xu          , Xu          , Xu          , Xu          , Xu          , Xu          , Xu          , Xu          , Xu          , Xu          , Xu          , Xu          , Xu          , Xu          , Xu          , Xu          , Xu          , Xu          
Xu          , Xu          , Xu          , Xuce        , Xuce        , Uue         , Uue         , Uue         , Uue         , Uue         , Ql          , Ql          , Ql          , Ql          , Ql          , Ql          , Uue         , Uue         , Ql          , Ql          , Ql          , Ql          , Ql          , Uue         , Xuce        , Xu          , Xu          , Xu          , Xu          , Xu          , Xu          , Xu          , Xu          , Xu          , Xu          , Xu          , Xu          , Xu          , Xu          , Xu          , Xu          , Xu          , Xu          , Xu          , Xu          
Xu          , Xu          , Xu          , Xu          , Xu          , Xuce        , Uue         , Uue         , Uue         , Uue         , Xuce        , Ql          , Ql          , Ql          , Ql          , Ql          , Uue         , Uue         , Ql          , Ql          , Xuce        , Ql          , Xuce        , Xuce        , Xu          , Xu          , Xu          , Xu          , Xu          , Xu          , Xu          , Xu          , Xu          , Xu          , Xu          , Xu          , Xu          , Xu          , Xu          , Xu          , Xu          , Xu          , Xu          , Xu          , Xu          
Xu          , Xu          , Xu          , Xu          , Xu          , Xu          , Uu          , Uue         , Uh          , Xu          , Xu          , Xuce        , Xuce        , Ql          , Uue         , Uue         , Uue         , Uue         , Xuce        , Xuce        , Xu          , Xuce        , Xu          , Xu          , Xu          , Xu          , Xu          , Xu          , Xu          , Xu          , Xu          , Xu          , Xu          , Xu          , Xu          , Xu          , Xu          , Xu          , Xu          , Xu          , Xu          , Xu          , Xu          , Xu          , Xu          
Xu          , Xu          , Xu          , Xu          , Xu          , Xu          , Uu          , Uu          , Uu          , Xu          , Xu          , Xu          , Xu          , Xu          , Uu          , Uue         , Xu          , Xuce        , Xu          , Xu          , Xu          , Xu          , Xu          , Xu          , Xu          , Xu          , Xu          , Xu          , Xu          , Xu          , Xu          , Xu          , Xu          , Xu          , Xu          , Xu          , Xu          , Xu          , Xu          , Xu          , Xu          , Xu          , Xu          , Xu          , Xu          
Xu          , Xu          , Xu          , Xu          , Xu          , Xu          , Uu          , Uu          , Ce          , Uu          , Uh          , Xu          , Xu          , Uu          , Ce          , Uu          , Uh          , Xu          , Xu          , Xu          , Xu          , Xu          , Xu          , Xu          , Xu          , Xu          , Xu          , Xu          , Xu          , Xu          , Xu          , Xu          , Xu          , Xu          , Xu          , Xu          , Xu          , Xu          , Xu          , Xu          , Xu          , Xu          , Xu          , Xu          , Xu          
Xu          , Xu          , Xu          , Xu          , Xu          , Xu          , Uu          , Ce          , Ke          , Uu          , Uh          , Xu          , Xu          , Uh          , Ce          , Ke          , Uu          , Xu          , Xu          , Xu          , Xu          , Xu          , Xu          , Xu          , Xu          , Xu          , Xu          , Xu          , Xu          , Xu          , Xu          , Xu          , Xu          , Xu          , Xu          , Xu          , Xu          , Xu          , Xu          , Xu          , Xu          , Xu          , Xu          , Xu          , Xu          
Xu          , Xu          , Xu          , Xu          , Xu          , Xu          , Uu          , Ce          , Uu          , Uu          , Uh          , Xu          , Xu          , Uh          , Uh          , Ce          , Uu          , Uu          , Uu          , Xu          , Xu          , Xu          , Xu          , Xu          , Xu          , Xu          , Xu          , Xu          , Xu          , Xu          , Xu          , Xu          , Xu          , Xu          , Xu          , Xu          , Xu          , Xu          , Xu          , Xu          , Xu          , Xu          , Xu          , Xu          , Xu          
Xu          , Xu          , Xu          , Xu          , Xu          , Xu          , Xu          , Uu          , Uu          , Uu          , Xu          , Xu          , Xu          , Uh          , Xu          , Uu          , Xu          , Uu          , Ds          , Xu          , Xu          , Xu          , Xu          , Xu          , Xu          , Xu          , Xu          , Xu          , Xu          , Xu          , Xu          , Xu          , Xu          , Xu          , Xu          , Xu          , Xu          , Xu          , Xu          , Xu          , Xu          , Xu          , Xu          , Xu          , Xu          
Xu          , Xu          , Xu          , Xu          , Xu          , Xu          , Xu          , Uh          , Uu          , Uu          , Uu          , Xu          , Xu          , Xu          , Xu          , Xu          , Ww          , Xu          , Ww          , Ds          , Ww          , Wo          , Wo          , Wo          , Wo          , Xu          , Xu          , Xu          , Xu          , Xu          , Xu          , Xu          , Xu          , Xu          , Xu          , Xu          , Xu          , Xu          , Xu          , Xu          , Xu          , Xu          , Xu          , Xu          , Xu          
Xu          , Xu          , Xu          , Xu          , Xu          , Xu          , Uu          , Uu          , Xu          , Uu          , Ds          , Xu          , Xu          , Xu          , Ww          , Ww          , Wo          , Ww          , Ww          , Wo^Bw|      , Ww          , Wo          , Wo          , Wo          , Wo          , Wo          , Wo          , Xu          , Xu          , Xu          , Xu          , Xu          , Xu          , Xu          , Xu          , Xu          , Xu          , Xu          , Xu          , Xu          , Xu          , Xu          , Xu          , Xu          , Xu          
Xu          , Xu          , Xu          , Xu          , Xu          , Xu          , Uu          , Xu          , Xu          , Ds          , Ww^Bw|      , Ww          , Ww          , Ww          , Wo          , Wo          , Wo          , Wo          , Ww          , Ww          , Ww          , Ww          , Ww          , Wo          , Wo          , Wo          , Wo          , Xu          , Xu          , Xu          , Xu          , Xu          , Xu          , Xu          , Xu          , Xu          , Xu          , Xu          , Xu          , Xu          , Xu          , Xu          , Xu          , Xu          , Xu          
Xu          , Xu          , Xu          , Xu          , Xu          , Xu          , Xu          , Ds          , Ww          , Ww          , Ww^Bw|      , Ww          , Xu          , Xu          , Wo          , Wo          , Wo          , Wo          , Ww          , Wo^Bw|      , Ds          , Ds          , Ds          , Ww          , Ww          , Wo          , Wo          , Xu          , Xu          , Xu          , Xu          , Xu          , Xu          , Xu          , Xu          , Xu          , Xu          , Xu          , Xu          , Xu          , Xu          , Xu          , Xu          , Xu          , Xu          
Xu          , Xu          , Xu          , Xu          , Xu          , Xu          , Xu          , Ds          , Ww          , Ww          , Ds          , Xu          , Xu          , Xu          , Wo          , Wo          , Wo          , Wo          , Ww          , Ds          , Ds          , Ds          , Ww          , Wo^Bw\      , Ww          , Ww          , Ww          , Xu          , Xu          , Xu          , Xu          , Xu          , Uu          , Uu          , Xu          , Xu          , Xu          , Xu          , Xu          , Xu          , Xu          , Xu          , Xu          , Xu          , Xu          
Xu          , Xu          , Xu          , Xu          , Xu          , Xu          , Xu          , Ds          , Ds          , Ww^Bw/      , Xu          , Xu          , Xu          , Wo          , Wo          , Wo          , Wo          , Wo          , Wo          , Ww          , Ww          , Ww          , Wo          , Ww          , Ww          , Ww          , Ww          , Ww          , Ds          , Xu          , Xu          , Xu          , Uu          , Xu          , Xu          , Xu          , Xu          , Xu          , Xu          , Xu          , Xu          , Xu          , Xu          , Xu          , Xu          
Xu          , Xu          , Xu          , Xu          , Xu          , Xu          , Xu          , Xu          , Ds          , Ww          , Wo          , Xu          , Wo          , Wo          , Wo          , Wo          , Wo          , Wo          , Wo          , Wo          , Wo          , Wo          , Wo          , Wo          , Wo          , Ww          , Ww          , Wo^Bw\      , Ds          , Uu          , Uu          , Uu          , Xu          , Xu          , Xu          , Xu          , Xu          , Xu          , Xu          , Xu          , Xu          , Xu          , Xu          , Xu          , Xu          
Xu          , Xu          , Xu          , Xu          , Xu          , Xu          , Xu          , Xu          , Ds          , Ww          , Wo          , Wo          , Wo          , Wo          , Wo          , Wo          , Wo          , Wo          , Wo          , Wo          , Wo          , Wo          , Wo          , Wo          , Wo          , Wo          , Wo          , Ww          , Xu          , Uu          , Uu          , Uu          , Uu          , Xu          , Xu          , Xu          , Xu          , Xu          , Xu          , Xu          , Xu          , Xu          , Xu          , Xu          , Xu          
Xu          , Xu          , Xu          , Xu          , Uu          , Uu          , Ds          , Ds          , Ww^Bw|      , Ww          , Wo          , Wo          , Wo          , Wo          , Wo          , Wo          , Wo          , Wo          , Wo          , Wo          , Wo          , Wo          , Xu          , Xu          , Xu          , Wo          , Xu          , Xu          , Xu          , Xu          , Uu          , Uu          , Uu          , Uu          , Xu          , Xu          , Xu          , Xu          , Uu          , Xu          , Xu          , Xu          , Xu          , Xu          , Xu          
Xu          , Xu          , Xu          , Xu          , Ds          , Xu          , Ww          , Ww          , Wo^Bw|      , Ww          , Wo          , Wo          , Wo          , Wo          , Wo          , Wo          , Wo          , Wo          , Xu          , Wo          , Wo          , Xu          , Xu          , Xu          , Xu          , Xu          , Xu          , Xu          , Uu          , Uu          , Xu          , Xu          , Uu          , Uu          , Uh          , Xu          , Xu          , Xu          , Xu          , Uu          , Xu          , Xu          , Xu          , Xu          , Xu          
Xu          , Xu          , Xu          , Xu          , Ds          , Ww          , Ww          , Ww          , Wo^Bw|      , Ww          , Wo          , Wo          , Wo          , Wo          , Wo          , Wo          , Wo          , Wo          , Xu          , Wo          , Wo          , Xu          , Xu          , Xu          , Xu          , Xu          , Xu          , Uu          , Xu          , Xu          , Xu          , Xu          , Uu          , Xu          , Uu          , Xu          , Xu          , Xu          , Uu          , Uu          , Xu          , Xu          , Xu          , Xu          , Wo          
Xu          , Xu          , Xu          , Xu          , Uu          , Ds          , Ds          , Ww          , Ww^Bw|      , Ww          , Ww          , Ww          , Ww          , Ww          , Ww          , Wo          , 3 Khw       , Chw         , Xu          , Xu          , Wo^Xo       , Wo^Xo       , Xu          , Xu          , Xu          , Xu          , Xu          , Xu          , Xu          , Xu          , Xu          , Xu          , Uu          , Uu          , Uu          , Uh          , Uh          , Uu          , Xu          , Xu          , Xu          , Xu          , Wo          , Wo          , Wo          
Xu          , Xu          , Xu          , Xu          , Uh          , Xu          , Uu          , Ds          , Ds          , Ww          , Xu          , Xu          , Xu          , Xu          , Xu          , Chw         , Xu          , Xu          , Xu          , Xu          , Xu          , Wo^Xo       , Wo^Xo       , Xu          , Xu          , Xu          , Wo          , Xu          , Wo          , Xu          , Xu          , Xu          , Xu          , Uu          , Uu          , Xu          , Uh          , Xu          , Xu          , Xu          , Wo          , Wo^Xo       , Wo^Xo       , Wo          , Wo          
Xu          , Xu          , Xu          , Xu          , Uu          , Uu          , Uu          , Xu          , Uu          , Xu          , Xu          , Xu          , Xu          , Xu          , Xu          , Xu          , Xu          , Xu          , Xu          , Xu          , Xu          , Wo^Xo       , Wo^Xo       , Wo^Xo       , Xu          , Wo          , Wo          , Wo          , Wo          , Wo          , Wo          , Xu          , Xu          , Uu          , Xu          , Uu          , Xu          , Xu          , Wo          , Wo          , Wo          , Wo          , Wo          , Wo^Xo       , Xu          
Xu          , Xu          , Xu          , Xu          , Uu          , Uu          , Uu          , Xu          , Uu          , Xu          , Xu          , Xu          , Xu          , Xu          , Xu          , Xu          , Xu          , Xu          , Xu          , Xu          , Xu          , Xu          , Wo          , Wo          , Wo          , Wo          , Wo          , Wo          , Wo          , Wo          , Wo          , Xu          , Xu          , Uh          , Uu          , Uu          , Xu          , Ww          , Ww          , Wo          , Wo          , Wo          , Wo          , Wo          , Xu          
Xu          , Xu          , Uu          , Uu          , Xu          , Xu          , Xu          , Uh          , Uu          , Uu          , Uu          , Xu          , Xu          , Xu          , Xu          , Uu          , Xu          , Xu          , Xu          , Xu          , Xu          , Xu          , Wo          , Wo          , Wo          , Wo          , Chw         , Wo          , Wo          , Wo          , Wo          , Xu          , Xu          , Xu          , Ds          , Ds          , Ww          , Ww          , Ww          , Wo          , Xu          , Wo          , Xu          , Xu          , Xu          
Xu          , Xu          , Uu          , Xu          , Xu          , Xu          , Xu          , Uu          , Xu          , Uu          , Uu          , Xu          , Uu          , Uu          , Uu          , Uu          , Xu          , Xu          , Xu          , Xu          , Wo          , Wo          , Wo          , Wo          , Wo          , Chw         , Xu          , Xu          , Wo          , Wo          , Wo          , Xu          , Ww          , Xu          , Ww          , Wwf         , Wwf         , Ww          , Ww          , Ww          , Xu          , Xu          , Xu          , Xu          , Xu          
Xu          , Xu          , Xu          , Uu          , Xu          , Xu          , Xu          , Uu          , Uu          , Uu          , Uu          , Uu          , Xu          , Xu          , Xu          , Xu          , Xu          , Xu          , Wo          , Wo          , Wo          , Wo          , Wo          , Wo          , 2 Khw       , Chw         , Xu          , Xu          , Wo          , Wo          , Wo          , Wo          , Wo          , Ww          , Ww          , Ww          , Ww          , Ww          , Xu          , Xu          , Xu          , Xu          , Xu          , Xu          , Xu          
Xu          , Xu          , Xu          , Xu          , Xu          , Xu          , Xu          , Xu          , Uu          , Uu          , Xu          , Xu          , Xu          , Xu          , Xu          , Xu          , Wo          , Wo          , Wo          , Wo          , Wo          , Wo          , Xu          , Xu          , Xu          , Xu          , Xu          , Xu          , Xu          , Wo          , Wo          , Wo          , Ww          , Ww          , Ww          , Wwf         , Ds          , Xu          , Xu          , Xu          , Xu          , Xu          , Xu          , Xu          , Xu          
Xu          , Xu          , Xu          , Xu          , Xu          , Xu          , Xu          , Xu          , Uu          , Uu          , Xu          , Xu          , Xu          , Xu          , Ww          , Wo          , Wo          , Wo          , Wo          , Wo          , Xu          , Xu          , Uu          , Uu          , Xu          , Xu          , Xu          , Xu          , Xu          , Xu          , Xu          , Wo          , Xu          , Ww          , Xu          , Ds          , Uu          , Xu          , Xu          , Xu          , Xu          , Xu          , Uu          , Xu          , Xu          
Xu          , Xu          , Xu          , Xu          , Xu          , Xu          , Xu          , Xu          , Xu          , Uu          , Uu          , Xu          , Xu          , Xu          , Ww          , Ww          , Ww          , Wo          , Xu          , Xu          , Xu          , Xu          , Uu          , Xu          , Xu          , Xu          , Xu          , Xu          , Uu          , Xu          , Xu          , Xu          , Xu          , Xu          , Xu          , Uu          , Uu          , Xu          , Uu          , Xu          , Uu          , Uu          , Xu          , Xu          , Xu          
Xu          , Xu          , Xu          , Xu          , Uu          , Uu          , Uu          , Xu          , Uu          , Uu          , Uu          , Uu          , Uu          , Xu          , Wwf         , Ww          , Ww          , Ww          , Xu          , Xu          , Xu          , Xu          , Uu          , Xu          , Xu          , Xu          , Xu          , Xu          , Xu          , Uu          , Uu          , Xu          , Xu          , Xu          , Xu          , Uu          , Uu          , Uu          , Xu          , Uu          , Xu          , Xu          , Xu          , Xu          , Xu          
Xu          , Xu          , Xu          , Xu          , Xu          , Xu          , Xu          , Uu          , Xu          , Xu          , Xu          , Uu          , Uu          , Ds          , Ww          , Ww          , Ww          , Wwf         , Ds          , Xu          , Xu          , Xu          , Uu          , Xu          , Uh          , Xu          , Uh          , Xu          , Xu          , Xu          , Uu          , Xu          , Uu          , Uh          , Uu          , Uu          , Uh          , Xu          , Xu          , Xu          , Xu          , Xu          , Xu          , Xu          , Wo          
Xu          , Xu          , Xu          , Xu          , Xu          , Xu          , Xu          , Xu          , Xu          , Xu          , Xu          , Xu          , Xu          , Ds          , Ww          , Wwf         , Wwf         , Ww          , Ds          , Uu          , Uu          , Uu          , Uu          , Uu          , Uu          , Uh          , Uu          , Uu          , Uu          , Xu          , Uu          , Uu          , Uu          , Uu          , Xu          , Uh          , Xu          , Xu          , Xu          , Xu          , Xu          , Xu          , Wo          , Wo          , Wo          
Xu          , Xu          , Xu          , Xu          , Xu          , Xu          , Xu          , Xu          , Xu          , Xu          , Xu          , Xu          , Xu          , Xu          , Ww          , Ww          , Ww          , Xu          , Xu          , Uh          , Xu          , Xu          , Xu          , Uu          , Xu          , Uu          , Xu          , Uu          , Uu          , Uu          , Ce          , Uu          , Uu          , Uu          , Xu          , Xu          , Xu          , Xu          , Xu          , Xu          , Wo          , Xu          , Wo          , Wo          , Wo          
Xu          , Xu          , Xu          , Xu          , Xu          , Xu          , Xu          , Xu          , Xu          , Xu          , Xu          , Xu          , Xu          , Xu          , Ww          , Ww          , Ww          , Xu          , Xu          , Xu          , Xu          , Xu          , Xu          , Uu          , Xu          , Xu          , Xu          , Xu          , Uu          , Ce          , Ke          , Ce          , Uu          , Xu          , Xu          , Xu          , Xu          , Xu          , Wo          , Wo          , Wo          , Wo          , Wo          , Wo          , Wo          
Xu          , Xu          , Xu          , Xu          , Xu          , Xu          , Xu          , Xu          , Xu          , Xu          , Xu          , Xu          , Xu          , Xu          , Wo          , Wo          , Wo          , Xu          , Xu          , Xu          , Xu          , Xu          , Uu          , Uu          , Xu          , Xu          , Xu          , Xu          , Xu          , Uu          , Uu          , Ce          , Uu          , Xu          , Xu          , Xu          , Wo          , Wo          , Wo          , Wo          , Wo          , Wo          , Wo          , Wo          , Xu          
Xu          , Xu          , Xu          , Xu          , Xu          , Xu          , Xu          , Xu          , Xu          , Xu          , Xu          , Xu          , Xu          , Wo          , Wo          , Wo          , Wo          , Xu          , Xu          , Xu          , Xu          , Xu          , Uu          , Xu          , Xu          , Xu          , Xu          , Xu          , Xu          , Xu          , Uu          , Uu          , Uu          , Xu          , Xu          , Wo          , Wo          , Wo          , Wo          , Wo          , Xu          , Wo          , Xu          , Xu          , Xu          
Xu          , Xu          , Xu          , Xu          , Xu          , Xu          , Xu          , Xu          , Xu          , Xu          , Xu          , Xu          , Xu          , Wo          , Wo          , Wo          , Wo          , Xu          , Xu          , Xu          , Xu          , Xu          , Xu          , Xu          , Xu          , Xu          , Xu          , Xu          , Xu          , Xu          , Ds          , Uu          , Ds          , Uu          , Xu          , Ww          , Wo          , Wo          , Xu          , Xu          , Xu          , Xu          , Xu          , Xu          , Xu          
Xu          , Xu          , Xu          , Xu          , Xu          , Xu          , Xu          , Xu          , Xu          , Xu          , Xu          , Xu          , Xu          , Xu          , Wo          , Wo          , Wo^Xo       , Wo^Xo       , Xu          , Xu          , Xu          , Xu          , Xu          , Xu          , Xu          , Xu          , Xu          , Xu          , Wo          , Xu          , Ww          , Xu          , Wwf         , Ds          , Wwf         , Ww          , Ww          , Wo          , Xu          , Xu          , Xu          , Xu          , Xu          , Xu          , Xu          
Xu          , Xu          , Xu          , Xu          , Xu          , Xu          , Xu          , Xu          , Xu          , Xu          , Xu          , Xu          , Xu          , Xu          , Xu          , Wo^Xo       , Wo          , Wo          , Wo          , Xu          , Wo          , Xu          , Xu          , Xu          , Wo          , Xu          , Wo          , Wo          , Wo          , Wo          , Ww          , Ww          , Ww          , Ww          , Ww          , Ww          , Ww          , Ww          , Xu          , Xu          , Xu          , Xu          , Xu          , Xu          , Xu          
Xu          , Xu          , Xu          , Xu          , Xu          , Xu          , Xu          , Xu          , Xu          , Xu          , Xu          , Xu          , Xu          , Xu          , Xu          , Wo          , Wo          , Wo          , Wo          , Wo          , Wo          , Wo          , Wo          , Wo          , Wo          , Wo          , Wo          , Wo          , Wo          , Wo          , Wo          , Ww          , Ww          , Ww          , Ww          , Wwf         , Ds          , Xu          , Xu          , Xu          , Xu          , Xu          , Xu          , Xu          , Xu          
Xu          , Xu          , Xu          , Xu          , Xu          , Xu          , Xu          , Xu          , Xu          , Xu          , Xu          , Xu          , Xu          , Xu          , Xu          , Xu          , Xu          , Wo          , Wo          , Wo          , Wo          , Wo          , Wo          , Wo          , Wo          , Wo          , Wo          , Wo          , Xu          , Wo          , Xu          , Ww          , Xu          , Ww          , Xu          , Xu          , Uu          , Uu          , Xu          , Xu          , Xu          , Xu          , Xu          , Xu          , Xu          
Xu          , Xu          , Xu          , Xu          , Xu          , Xu          , Xu          , Xu          , Xu          , Xu          , Xu          , Xu          , Xu          , Xu          , Xu          , Xu          , Xu          , Wo          , Wo          , Wo          , Xu          , Wo          , Xu          , Wo          , Xu          , Xu          , Xu          , Xu          , Xu          , Xu          , Xu          , Xu          , Xu          , Xu          , Xu          , Xu          , Xu          , 1 Uu        , Uu          , Xu          , Xu          , Xu          , Xu          , Xu          , Xu          
Xu          , Xu          , Xu          , Xu          , Xu          , Xu          , Xu          , Xu          , Xu          , Xu          , Xu          , Xu          , Xu          , Xu          , Xu          , Xu          , Wo          , Wo          , Wo          , Wo          , Xu          , Xu          , Xu          , Xu          , Xu          , Xu          , Xu          , Xu          , Xu          , Xu          , Xu          , Xu          , Xu          , Xu          , Xu          , Xu          , Xu          , Uu          , Uu          , Xu          , Xu          , Xu          , Xu          , Xu          , Xu          
Xu          , Xu          , Xu          , Xu          , Xu          , Xu          , Xu          , Xu          , Xu          , Xu          , Xu          , Xu          , Xu          , Xu          , Xu          , Wo          , Wo          , Wo          , Wo          , Wo          , Xu          , Xu          , Xu          , Xu          , Xu          , Xu          , Xu          , Xu          , Xu          , Xu          , Xu          , Xu          , Xu          , Xu          , Xu          , Xu          , Xu          , Xu          , Xu          , Uu          , Uu          , Xu          , Xu          , Xu          , Xu          
Xu          , Xu          , Xu          , Xu          , Xu          , Xu          , Xu          , Xu          , Xu          , Xu          , Xu          , Xu          , Xu          , Xu          , Xu          , Wo          , Wo          , Wo          , Wo          , Xu          , Xu          , Xu          , Xu          , Xu          , Xu          , Xu          , Xu          , Xu          , Xu          , Xu          , Xu          , Xu          , Xu          , Xu          , Xu          , Xu          , Xu          , Xu          , Xu          , Xu          , Xu          , Uu          , Xu          , Xu          , Xu          
