border_size=1
usage=map

Xu          , Xu          , Xu          , Uu^Ii       , Uu^Ii       , Ur^Ii       , Ur^Ii       , Ur^Ii       , Ur^Ii       , Uu^Ii       , Uu^Ii       , Xu          , Xu          , Xu          , Xu          , Xu          , Xu          , Xu          , Xu          , Xu          , Xu          , Xu          , Xu          , Xu          , Xu          , Xu          , Xu          , Xu          , Xu          , Xu          , Xu          , Xu          , Xu          , Xu          , Xu          , Xu          , Xu          , Xu          , Xu          , Xu          , Xu          , Xu          , Xu          , Xu          , Xu          , Xu          , Xu          , Xu          , Xu          , Xu          , Xu          , Xu          , Xu          , Xu          , Xu          , Xu          
Xu          , Xu          , Xu          , Xu          , Xu          , Uu^Ii       , Uh^Ii       , Uu^Ii       , Ur^Ii       , Ur^Ii       , Uu          , Uu^Vud      , Uu          , Xu          , Xu          , Xu          , Uu          , Uu          , Xu          , Xu          , Xu          , Xu          , Xu          , Xu          , Xu          , Xu          , Xu          , Xu          , Xu          , Xu          , Xu          , Xu          , Xu          , Xu          , Xu          , Xu          , Xu          , Xu          , Xu          , Xu          , Xu          , Xu          , Xu          , Xu          , Xu          , Xu          , Xu          , Xu          , Xu          , Xu          , Xu          , Xu          , Xu          , Xu          , Xu          , Xu          
Xu          , Xu          , Xu          , Xu          , Xu          , Xu          , Xu          , Uu^Ii       , Uu^Vud      , Uu          , Uu          , Ur          , Ur          , Uu          , Uu          , Xu          , Xu          , Xu          , Xu          , Xu          , Uu^Uf       , Uh          , Uu^Uf       , Xu          , Uu^Uf       , Xu          , Xu          , Xu          , Xu          , Xu          , Uu          , Xu          , Uu          , Xu          , Xu          , Xu          , Xu          , Xu          , Xu          , Xu          , Xu          , Xu          , Xu          , Xu          , Xu          , Xu          , Xu          , Xu          , Xu          , Xu          , Xu          , Xu          , Xu          , Xu          , Xu          , Xu          
Xu          , Xu          , Xu          , Xu          , Xu          , Xu          , Xu          , Xu          , Cud         , 1 Kud       , Cud         , Uu          , Uu          , Uu^Vud      , Uu          , Uu          , Uu^Vud      , Xu          , Xu          , Uu^Vud      , Uu^Uf       , Uu^Vud      , Uu          , Uu          , Uu          , Uh          , Qxu         , Qxu         , Uu^Uf       , Xu          , Xu          , Uu          , Xu          , Xu          , Xu          , Xu          , Xu          , Xu          , Xu          , Xu          , Xu          , Xu          , Xu          , Xu          , Xu          , Xu          , Xu          , Xu          , Xu          , Xu          , Xu          , Xu          , Xu          , Xu          , Xu          , Xu          
Xu          , Xu          , Xu          , Xu          , Xu          , Xu          , Xu          , Qxu         , Qxu         , Cud         , Cud         , Cud         , Uu^Vud      , Ur          , Ur          , Ur          , Ur          , Uu          , Uu          , Uu          , Uu          , Uu          , Cud         , Cud         , Cud         , Qxu         , Uu          , Uu^Vud      , Uu          , Uh          , Qxu         , Xu          , Xu          , Xu          , Xu          , Xu          , Xu          , Xu          , Xu          , Xu          , Xu          , Xu          , Xu          , Xu          , Xu          , Xu          , Ql          , Ql          , Ql          , Ql          , Xu          , Xu          , Xu          , Xu          , Xu          , Xu          
Xu          , Xu          , Xu          , Xu          , Xu          , Xu          , Xu          , Qxu         , Xu          , Xu          , Xu          , Xu          , Xu          , Uu          , Uu          , Ur          , Ur          , Uu          , Ur          , Uu          , Uu^Vud      , Uu          , Cud         , 2 Kud       , Cud         , Qxu         , Uu          , Qxu         , Qxu         , Uu          , Qxu         , Qxu         , Xu          , Xu          , Uu          , Xu          , Xu          , Xu          , Xu          , Xu          , Xu          , Xu          , Xu          , Xu          , Xu          , Ql          , Ql          , Ql          , Uu^Ii       , Ql          , Xu          , Xu          , Xu          , Xu          , Xu          , Xu          
Xu          , Xu          , Xu          , Xu          , Xu          , Xu          , Xu          , Qxu         , Xu          , Xu          , Uu          , Xu          , Xu          , Uu          , Uu          , Uu          , Uh          , Ur          , Ur          , Uu          , Ur          , Uu          , Uu          , Cud         , Uu          , Uu          , Uu          , Uh          , Qxu         , Uu^Vud      , Xu          , Qxu         , Xu          , Xu          , Xu          , Uu          , Xu          , Xu          , Xu          , Xu          , Xu          , Xu          , Xu          , Xu          , Xu          , Ql          , Ql          , Uu^Ii       , Ql          , Ql          , Xu          , Xu          , Xu          , Xu          , Xu          , Xu          
Xu          , Xu          , Xu          , Xu          , Uu^Vud      , Xu          , Xu          , Qxu         , Qxu         , Xu          , Xu          , Uu          , Xu          , Xu          , Uh          , Uu          , Uu          , Uu          , Ur          , Ur          , Uu          , Ur          , Uu          , Uu          , Uu          , Uu          , Xu          , Uh          , Qxu         , Xu          , Qxu         , Qxu         , Xu          , Xu          , Xu          , Uu          , Xu          , Xu          , Xu          , Xu          , Xu          , Xu          , Xu          , Xu          , Xu          , Xu          , Uu^Ii       , Uu^Ii       , Ql          , Ql          , Xu          , Xu          , Xu          , Xu          , Xu          , Xu          
Xu          , Xu          , Xu          , Uh          , Uu          , Qxu         , Qxu         , Qxu         , Xu          , Xu          , Xu          , Xu          , Uu          , Uu^Vud      , Uu          , Uu          , Qxu         , Qxu         , Qxu         , Uu          , Uh          , Ur          , Ur          , Ur          , Uu          , Uu          , Uu          , Xu          , Xu          , Qxu         , Xu          , Xu          , Xu          , Xu          , Xu          , Xu          , Uh          , Xu          , Uu^Vud      , Xu          , Xu          , Xu          , Xu          , Xu          , Xu          , Ur          , Xu          , Xu          , Xu          , Xu          , Xu          , Xu          , Xu          , Xu          , Xu          , Xu          
Xu          , Xu          , Xu          , Uu^Uf       , Qxu         , Qxu         , Xu          , Qxu         , Qxu         , Xu          , Uu^Vud      , Uu          , Uu          , Uu          , Cud         , Cud         , Cud         , Uu          , Uu          , Uu          , Uu          , Uu          , Uu          , Ur          , Ur          , Uu^Vud      , Uu          , Qxu         , Qxu         , Qxu         , Xu          , Xu          , Uu^Uf       , Xu          , Xu          , Xu          , Xu          , Uu          , Uu^Uf       , Uh          , Xu          , Xu          , Xu          , Xu          , Xu          , Ur          , Xu          , Xu          , Xu          , Xu          , Xu          , Xu          , Xu          , Xu          , Xu          , Xu          
Xu          , Xu          , Xu          , Xu          , Qxu         , Xu          , Xu          , Xu          , Xu          , Uu          , Uh          , Uu          , Uh          , Uu          , Cud         , 3 Kud       , Cud         , Uu          , Uu          , Uu          , Xu          , Xu          , Uu          , Uu          , Ur          , Uu          , Uh          , Xu          , Xu          , Qxu         , Qxu         , Qxu         , Qxu         , Uh          , Qxu         , Xu          , Qxu         , Uh          , Xu          , Xu          , Qxu         , Qxu         , Qxu         , Qxu         , Ur          , Uu          , Xu          , Xu          , Xu          , Uu^Vud      , Qxu         , Xu          , Xu          , Xu          , Xu          , Xu          
Xu          , Xu          , Xu          , Xu          , Qxu         , Qxu         , Qxu         , Xu          , Xu          , Uu^Uf       , Uu          , Uh          , Uu          , Uu          , Uu          , Cud         , Uu          , Uu          , Uu          , Uu^Uf       , Xu          , Xu          , Uu          , Ur          , Ur          , Uu          , Uu^Uf       , Xu          , Xu          , Qxu         , Qxu         , Xu          , Xu          , Qxu         , Uu^Vud      , Qxu         , Uu          , Uu          , Uu          , Uu          , Uu          , Qxu         , Qxu         , Xu          , Ur          , Xu          , Uu          , Ur          , Ur          , Uu          , Qxu         , Xu          , Xu          , Xu          , Xu          , Xu          
Xu          , Xu          , Xu          , Qxu         , Xu          , Xu          , Qxu         , Xu          , Xu          , Uu^Uf       , Uu          , Uu^Vud      , Qxu         , Uu          , Uu          , Uu          , Uu          , Uu          , Uu^Uf       , Uu^Vud      , Xu          , Xu          , Uu^Uf       , Uu          , Uu          , Uu          , Uu          , Xu          , Xu          , Xu          , Qxu         , Uh          , Qxu         , Xu          , Xu          , Xu          , Xu          , Xu          , Xu          , Xu          , Cud         , 4 Kud       , Xu          , Xu          , Xu          , Ur          , Xu          , Xu          , Xu          , Qxu^Bs|     , Xu          , Qxu         , Qxu         , Xu          , Xu          , Xu          
Xu          , Xu          , Qxu         , Qxu         , Qxu         , Xu          , Xu          , Xu          , Xu          , Uu          , Xu          , Uh          , Qxu         , Qxu         , Xu          , Uu          , Uh          , Uu          , Uu^Uf       , Uu^Vud      , Xu          , Xu          , Uh          , Uu          , Ur          , Uu          , Uu^Uf       , Xu          , Xu          , Xu          , Xu          , Qxu         , Xu          , Qxu         , Xu          , Xu          , Uu          , Uh          , Ur          , Cud         , Uu          , Cud         , Uu          , Uu^Uf       , Uu^Vud      , Xu          , Xu          , Xu          , Uu          , Uu          , Xu          , Xu          , Xu          , Qxu         , Uu          , Xu          
Xu          , Xu          , Qxu         , Xu          , Xu          , Qxu         , Uu^Vud      , Xu          , Xu          , Uh          , Uh          , Qxu         , Xu          , Xu          , Xu          , Uu          , Xu          , Uu^Vud      , Xu          , Xu          , Uu          , Xu          , Uu          , Uu          , Ur          , Uu          , Ur          , Uu^Uf       , Uu          , Xu          , Xu          , Xu          , Qxu         , Qxu         , Xu          , Uu^Vud      , Ur          , Uu          , Uu          , Ur          , Uu          , Uu          , Uu          , Uu          , Uu          , Uh          , Qxu         , Xu          , Uh          , Xu          , Xu          , Xu          , Qxu         , Qxu         , Xu          , Xu          
Xu          , Xu          , Xu          , Xu          , Xu          , Qxu         , Qxu^Bs/     , Uu^Uf       , Xu          , Xu          , Xu          , Qxu         , Uu          , Xu          , Uu          , Uu          , Xu          , Xu          , Xu          , Uu          , Xu          , Xu          , Uu^Vud      , Uu          , Uu          , Uu          , Cud^Sco     , Uu          , Qxu         , Cud^Sco     , Qxu^Bs\     , Qxu         , Xu          , Xu          , Uu          , Ur          , Uu          , Uu          , Uu          , Uu          , Uu          , Ur          , Uu          , Ur          , Uu          , Xu          , Xu          , Qxu         , Uu          , Qxu         , Xu          , Qxu         , Xu          , Xu          , Xu          , Xu          
Xu          , Xu          , Xu          , Xu          , Ql          , Uu          , Uu          , Qxu         , Xu          , Xu          , Xu          , Qxu         , Uu          , Uu          , Uu          , Xu          , Xu          , Xu          , Xu          , Uu          , Xu          , Xu          , Xu          , Uu          , Xu          , Qxu         , Qxu         , Qxu^Bs\     , Uu          , Qxu         , Uu          , Uu          , Cud^Sco     , Xu          , Ur          , Uu          , Uu^Vud      , Xu          , Xu          , Uh          , Uu^Vud      , Uu          , Uu          , Uu          , Ur          , Uu^Uf       , Uu          , Qxu^Bs/     , Qxu         , Qxu         , Qxu         , Qxu         , Xu          , Xu          , Xu          , Xu          
Xu          , Xu          , Xu          , Xu          , Ql          , Ql          , Uh          , Qxu         , Xu          , Xu          , Uu          , Qxu^Bs/     , Xu          , Uh          , Uh          , Uu          , Uu          , Uh          , Uu          , Xu          , Xu          , Xu          , Uu          , Ur          , Xu          , Qxu         , Xu          , Uu          , Uu          , Ur          , Uu          , Ur          , Uu          , Uu          , Uu          , Uu          , Uu          , Xu          , Xu          , Xu          , Xu          , Xu          , Xu          , Uu          , Ur          , Uu^Vud      , Xu          , Qxu         , Uu^Vud      , Xu          , Xu          , Qxu         , Xu          , Xu          , Xu          , Xu          
Xu          , Xu          , Xu          , Xu          , Ql          , Xu          , Uh          , Qxu         , Qxu         , Qxu         , Qxu^Bs|     , Qxu         , Qxu         , Xu          , Xu          , Xu          , Xu          , Uh          , Xu          , Uh          , Uu          , Ur          , Xu          , Xu          , Xu          , Qxu         , Xu          , Xu          , Xu          , Uu          , Cud^Sco     , Uu          , Uu          , Uu          , Xu          , Xu          , Xu          , Uu          , Xu          , Xu          , Xu          , Xu          , Xu          , Xu          , Uu          , Uu          , Uu          , Xu          , Uu          , Uh          , Qxu         , Qxu         , Xu          , Xu          , Xu          , Xu          
Xu          , Xu          , Xu          , Xu          , Xu          , Xu          , Xu          , Uu          , Uu          , Uu          , Uu          , Xu          , Xu          , Qxu         , Qxu         , Xu          , Uu          , Uu          , Qxu         , Qxu         , Xu          , Uu^Uf       , Xu          , Xu          , Xu          , Qxu         , Qxu         , Xu          , Xu          , Xu          , Xu          , Xu          , Xu          , Xu          , Xu          , Xu          , Uu          , Uu          , Xu          , Xu          , Xu          , Xu          , Xu          , Xu          , Uh          , Xu          , Uu          , Xu          , Uu          , Uu          , Qxu^Bs\     , Xu          , Ur          , Uh          , Xu          , Xu          
Xu          , Xu          , Xu          , Xu          , Xu          , Xu          , Xu          , Xu          , Xu          , Xu          , Xu          , Ur          , Ur          , Xu          , Qxu^Bs/     , Ur          , Uu          , Qxu         , Xu          , Xu          , Xu          , Xu          , Xu          , Xu          , Xu          , Xu          , Qxu         , Xu          , Xu          , Xu          , Xu          , Xu          , Xu          , Xu          , Uu^Uf       , Uu          , Xu          , Xu          , Xu          , Xu          , Uu          , Xu          , Xu          , Uu^Uf       , Uu          , Ur          , Uu          , Uu          , Uu          , Uu^Uf       , Qxu         , Uu          , Xu          , Ur          , Ur          , Xu          
Xu          , Xu          , Xu          , Xu          , Qxu         , Qxu         , Uu          , Xu          , Xu          , Xu          , Xu          , Uu^Vud      , Xu          , Uu          , Xu          , Qxu         , Qxu^Bs|     , Qxu         , Xu          , Xu          , Uu^Vud      , Xu          , Uu^Uf       , Uh          , Uh          , Xu          , Uu          , Qxu         , Qxu         , Qxu         , Qxu         , Qxu         , Qxu         , Xu          , Uu          , Xu          , Xu          , Xu          , Uu          , Uu^Vud      , Uu          , Uu          , Uu          , Xu          , Uu          , Ur          , Uu          , Xu          , Xu          , Uu          , Xu          , Qxu         , Qxu         , Uh          , Xu          , Uu          
Xu          , Xu          , Xu          , Uh          , Uu^Ii       , Uu^Ii       , Uu^Ii       , Uh          , Uh          , Xu          , Xu          , Xu          , Xu          , Xu          , Xu          , Uu          , Ur          , Qxu         , Xu          , Xu          , Uu          , Uu          , Uu          , 5 Kh        , Ch          , Uu          , Xu          , Qxu^Bs\     , Uu          , Uu          , Xu          , Xu          , Qxu^Bs/     , Uu          , Xu          , Xu          , Xu          , Xu          , Uu          , Xu          , Xu          , Xu          , Ur          , Ur          , Ur          , Uu          , Uu          , Ur          , Ur          , Uu^Vud      , Xu          , Qxu         , Qxu         , Qxu         , Qxu^Bs/     , Ur          
Xu          , Xu          , Xu          , Uu          , Uu^Ufi      , Uu^Ufi      , Uu^Ii       , Ur          , Ur          , Xu          , Xu          , Xu          , Xu          , Xu          , Ur          , Uu          , Uu          , Qxu^Bs\     , Uu          , Xu          , Uu          , Xu          , Uh          , Uh          , Ur          , Uu          , Qxu         , Qxu         , Xu          , Uu          , Uu^Vud      , Uu          , Qxu         , Xu          , Xu          , Xu          , Xu          , Uh          , Uu          , Xu          , Cud         , Qxu^Bs/     , Qxu         , Ur          , Uu          , Ur          , Uu          , Uu          , Ur          , Xu          , Xu          , Xu          , Qxu         , Ur          , Qxu         , Xu          
Xu          , Xu          , Xu          , Uu^Uf       , Uu^Uf       , Uu^Ufi      , Uu          , Uu          , Xu          , Ur          , Ur          , Ur          , Ur          , Ur          , Xu          , Ur          , Xu          , Qxu         , Uu          , Uu          , Qxu         , Xu          , Qxu         , Uu          , Qxu         , Qxu^Bs\     , Ur          , Qxu         , Qxu         , Xu          , Uu          , Xu          , Xu          , Qxu         , Qxu         , Xu          , Uh          , Uu          , Qxu         , Cud         , Qxu         , Qxu^Bs\     , Qxu^Bs\     , Qxu         , Qxu         , Uu          , Ur          , Ur          , Ur          , Xu          , Xu          , Uu          , Qxu         , Qxu^Bs|     , Xu          , Xu          
Xu          , Xu          , Xu          , Xu          , Uu^Uf       , Uu          , Qxu         , Uh          , Qxu         , Xu          , Xu          , Xu          , Xu          , Xu          , Uu^Vud      , Uu          , Xu          , Qxu         , Qxu^Bs|     , Qxu         , Xu          , Qxu         , Qxu         , Qxu         , Qxu         , Xu          , Uu          , Ur          , Uu          , Xu          , Xu          , Uu          , Xu          , Xu          , Uu          , Qxu^Bs/     , Qxu         , Qxu         , Qxu         , Qxu^Bs|     , Qxu         , Qxu         , Qxu         , Qxu^Bs\     , Qxu^Bs\     , Qxu         , Qxu^Bs/     , Ur          , Uu          , Xu          , Xu          , Uu          , Qxu         , Ur          , Xu          , Xu          
Xu          , Xu          , Xu          , Xu          , Xu          , Qxu         , Qxu         , Qxu         , Xu          , Xu          , Xu          , Xu          , Xu          , Xu          , Xu          , Ur          , Ur          , Xu          , Ur          , Xu          , Uu          , Xu          , Qxu         , Uu^Vu       , Qxu         , Qxu         , Xu          , Xu          , Xu          , Ur          , Uu          , Uu          , Xu          , Uu          , Qxu         , Qxu         , Qxu         , Qxu         , Qxu         , Cud         , Qxu         , Qxu         , Qxu         , Qxu         , Qxu         , Cud         , Xu          , Xu          , Uu          , Xu          , Ur          , Xu          , Qxu         , Uu          , Xu          , Xu          
Xu          , Xu          , Xu          , Xu          , Xu          , Qxu         , Xu          , Xu          , Xu          , Xu          , Xu          , Xu          , Uu          , Uu          , Uu          , Xu          , Xu          , Uu          , Xu          , Ur          , Xu          , Ur          , Ur          , Qxu         , Qxu^Bs/     , Ur          , Ur          , Uu^Vud      , Uu^Uf       , Ur          , Xu          , Uu          , Uu          , Cud         , Qxu^Bs\     , Qxu         , Qxu         , Qxu         , Cud         , Uu          , Cud         , Qxu         , Qxu         , Qxu         , Qxu^Bs/     , Cud         , Uh          , Uu          , Xu          , Xu          , Ur          , Qxu^Bs\     , Uu          , Uu^Vud      , Xu          , Xu          
Xu          , Xu          , Xu          , Xu          , Xu          , Xu          , Xu          , Xu          , Xu          , Xu          , Xu          , Xu          , Xu          , Xu          , Xu          , Xu          , Qxu         , Qxu         , Xu          , Xu          , Qxu         , Xu          , Uu          , Uu          , Qxu         , Xu          , Qxu         , Xu          , Uu          , Xu          , Xu          , Ur          , Uu          , Qxu         , Qxu         , Qxu^Bs\     , Cud         , Ur          , Ql          , Ql^Bs|      , Ql          , Ur          , Cud         , Qxu^Bs/     , Qxu         , Qxu         , Uu          , Xu          , Xu          , Ur          , Xu          , Qxu         , Xu          , Ur          , Ur          , Xu          
Xu          , Xu          , Xu          , Xu          , Xu          , Xu          , Xu          , Xu          , Xu          , Xu          , Xu          , Xu          , Xu          , Xu          , Xu          , Xu          , Qxu         , Xu          , Qxu         , Qxu         , Uu          , Qxu         , Qxu^Bs|     , Xu          , Qxu         , Qxu         , Uu          , Qxu^Bs/     , Qxu         , Xu          , Xu          , Uu          , Uu          , Qxu         , Cud         , Qxu         , Ur          , Ql^Bs\      , Cud         , 9 Kud       , Cud         , Ql^Bs/      , Ur          , Qxu         , Cud         , Qxu         , Ur          , Xu          , Xu          , Uu          , Qxu^Bs\     , Qxu         , Xu          , Xu          , Uu          , Xu          
Xu          , Xu          , Xu          , Xu          , Xu          , Xu          , Xu          , Xu          , Xu          , Xu          , Xu          , Xu          , Xu          , Xu          , Xu          , Xu          , Xu          , Qxu         , Xu          , Uu          , Xu          , Uu          , Uu^Vud      , Qxu         , Xu          , Xu          , Uu          , Qxu         , Qxu         , Xu          , Xu          , Ur          , Uu          , Qxu         , 6 Kud       , Qxu         , Ur          , Ql          , Cud         , Cud         , Cud         , Ql          , Ur          , Qxu         , 7 Kud       , Qxu         , Uu          , Xu          , Xu          , Qxu         , Qxu         , Uh          , Qxu         , Xu          , Ur          , Xu          
Xu          , Xu          , Xu          , Xu          , Xu          , Xu          , Xu          , Xu          , Xu          , Xu          , Xu          , Xu          , Xu          , Xu          , Xu          , Xu          , Xu          , Xu          , Xu          , Xu          , Xu          , Xu          , Xu          , Xu          , Xu          , Xu          , Uu          , Xu          , Xu          , Qxu         , Qxu^Bs/     , Uu          , Uu          , Qxu         , Cud         , Qxu         , Ur          , Ql          , Cud         , Cud         , Cud         , Ql          , Ur          , Qxu         , Cud         , Qxu         , Ur          , Xu          , Xu          , Xu          , Qxu         , Ur          , Qxu         , Uu          , Xu          , Xu          
Xu          , Xu          , Xu          , Xu          , Xu          , Xu          , Xu          , Xu          , Xu          , Xu          , Xu          , Xu          , Xu          , Xu          , Xu          , Xu          , Xu          , Xu          , Uu          , Uu          , Xu          , Xu          , Xu          , Xu          , Xu          , Xu          , Xu          , Uu          , Xu          , Uu          , Xu          , Qxu         , Qxu^Bs|     , Qxu         , Qxu         , Qxu         , Cud         , Ql^Bs/      , Ql          , 8 Kud       , Ql          , Ql^Bs\      , Cud         , Qxu         , Qxu         , Qxu         , Ur          , Xu          , Xu          , Xu          , Xu          , Qxu^Bs|     , Qxu         , Ur          , Ur          , Xu          
Xu          , Xu          , Xu          , Xu          , Xu          , Xu          , Xu          , Xu          , Xu          , Xu          , Xu          , Xu          , Xu          , Xu          , Xu          , Xu          , Uu          , Uu          , Xu          , Uu          , Xu          , Xu          , Xu          , Xu          , Xu          , Xu          , Xu          , Xu          , Xu          , Xu          , Uu^Uf       , Ur          , Uu          , Qxu         , Qxu^Bs/     , Qxu^Bs/     , Qxu         , Ur          , Cud         , Ql^Bs|      , Cud         , Ur          , Qxu         , Qxu^Bs\     , Qxu^Bs\     , Qxu         , Uu          , Xu          , Xu          , Xu          , Ur          , Uu^Vud      , Qxu^Bs\     , Xu          , Uu          , Xu          
Xu          , Xu          , Xu          , Xu          , Xu          , Xu          , Xu          , Xu          , Xu          , Xu          , Xu          , Xu          , Xu          , Xu          , Xu          , Xu          , Xu          , Xu          , Xu          , Xu          , Xu          , Xu          , Xu          , Xu          , Xu          , Xu          , Xu          , Xu          , Xu          , Xu          , Ur          , Xu          , Xu          , Cud         , Qxu         , Qxu         , Qxu         , Qxu         , Qxu         , Uu          , Qxu         , Qxu         , Qxu         , Qxu         , Qxu         , Cud         , Xu          , Uu          , Xu          , Xu          , Ur          , Xu          , Qxu         , Ur          , Xu          , Xu          
Xu          , Xu          , Xu          , Xu          , Xu          , Xu          , Xu          , Xu          , Xu          , Xu          , Xu          , Xu          , Xu          , Xu          , Xu          , Xu          , Xu          , Xu          , Xu          , Xu          , Xu          , Xu          , Xu          , Xu          , Xu          , Xu          , Xu          , Xu          , Xu          , Xu          , Uu^Uf       , Xu          , Qxu^Bs/     , Cud         , Qxu^Bs\     , Qxu         , Qxu         , Qxu         , Qxu         , Cud         , Qxu         , Qxu         , Qxu         , Qxu         , Uu          , Uu          , Uu          , Uh          , Xu          , Xu          , Uu          , Xu          , Qxu         , Qxu         , Xu          , Xu          
Xu          , Xu          , Xu          , Xu          , Xu          , Xu          , Xu          , Xu          , Xu          , Xu          , Xu          , Xu          , Xu          , Xu          , Xu          , Xu          , Xu          , Xu          , Xu          , Xu          , Xu          , Xu          , Xu          , Xu          , Xu          , Xu          , Xu          , Xu          , Xu          , Xu          , Ur          , Ur          , Ur          , Qxu         , Qxu         , Qxu^Bs\     , Qxu^Bs\     , Qxu         , Qxu         , Qxu^Bs|     , Qxu         , Qxu         , Uu          , Uu          , Uh          , Ur          , Xu          , Uu          , Ur          , Xu          , Ur          , Xu          , Qxu         , Xu          , Xu          , Xu          
Xu          , Xu          , Xu          , Xu          , Xu          , Xu          , Xu          , Xu          , Xu          , Xu          , Xu          , Xu          , Xu          , Xu          , Xu          , Xu          , Xu          , Xu          , Xu          , Xu          , Xu          , Xu          , Xu          , Xu          , Xu          , Xu          , Urb         , Xu          , Uh          , Uh          , Ur          , Ur          , Uu          , Uu          , Uu          , Qxu         , Qxu         , Qxu^Bs\     , Cud         , Cud         , Uu          , Uu          , Uu          , Xu          , Qxu         , Xu          , Xu          , Xu          , Qxu         , Ur          , Qxu^Bs\     , Qxu         , Uh          , Xu          , Xu          , Xu          
Xu          , Xu          , Xu          , Xu          , Xu          , Xu          , Xu          , Xu          , Xu          , Xu          , Xu          , Xu          , Xu          , Xu          , Xu          , Xu          , Xu          , Xu          , Xu          , Xu          , Cud         , Cud         , Uu          , Uu^Vud      , Uu          , Urb         , Xu          , Uu          , Ur          , Uu          , Ur          , Uu          , Urb         , Urb         , Urb         , Ur          , Ur          , Qxu^Bs/     , Xu          , Xu          , Xu          , Xu          , Uu          , Qxu         , Qxu         , Qxu         , Qxu         , Qxu         , Xu          , Qxu         , Xu          , Uh          , Xu          , Xu          , Xu          , Xu          
Xu          , Xu          , Xu          , Xu          , Xu          , Xu          , Xu          , Ql          , Ql          , Ql          , Ql          , Xu          , Xu          , Xu          , Xu          , Xu          , Xu          , Xu          , Cud         , Cud         , Uu          , Urb         , Uu          , Uu          , Xu          , Xu          , Urb         , Urb         , Ur          , Ur          , Uu^Uf       , Ur          , Xu          , Xu          , Xu          , Xu          , Uu          , Xu          , Uu^Uf       , Uu^Uf       , Uh          , Uu          , Urb         , Xu          , Xu          , Xu          , Xu          , Xu          , Xu          , Xu          , Xu          , Xu          , Xu          , Uu          , Xu          , Xu          
Xu          , Xu          , Xu          , Xu          , Xu          , Xu          , Ql          , Ql          , Ql          , Xu          , Xu          , Ql          , Ql          , Xu          , Xu          , Xu          , Ql          , Cud         , Uu          , Uu          , Urb         , Urb         , Xu          , Xu          , Xu          , Xu          , Urb         , Urb         , Ur          , Uu          , Ql          , Ql          , Xu          , Xu          , Xu          , Xu          , Xu          , Ur          , Xu          , Xu          , Urb         , Urb         , Xu          , Xu          , Xu          , Xu          , Xu          , Xu          , Xu          , Xu          , Xu          , Xu          , Xu          , Uu          , Xu          , Xu          
Xu          , Xu          , Xu          , Xu          , Uu          , Ql          , Ql          , Ql          , Xu          , Ql          , Xu          , Xu          , Ql          , Ql          , Ql          , Ql          , Ql          , Uu          , Uu^Uf       , Uu^Uf       , Xu          , Xu          , Xu          , Xu          , Xu          , Xu          , Ur          , Ur          , Uu          , Uu          , Uu          , Xu          , Xu          , Xu          , Xu          , Xu          , Xu          , Xu          , Xu          , Xu          , Xu          , Xu          , Xu          , Xu          , Xu          , Xu          , Xu          , Xu          , Xu          , Xu          , Xu          , Xu          , Xu          , Xu          , Xu          , Xu          
