border_size=1
usage=map

Uu          , Uu          , Uu          , Uu          , Uu          , Uu          , Uu          , Uu          , Uu          , Xu          , Ms          , Ms          , Ms          , Ms          , Ms          , Gg          , Ha          , Ha          , Ha          , Gg          , Gg          , Gg          , Gg          , Gg          , Rd          , Gg          , Gg          , Gg          , Gg          , Gg          , Gg          , Gg          , Gg          , Gg          , Gg          , Gg          , Hh          , Mm          , Mm          , Mm          , Mm          , Mm          , Mm          , Mm          , Mm          , Mm          
Uu          , Uu          , Uu          , Uu          , Uu          , Uu          , Uu          , Uu^Vu       , Xu          , Xu          , Ms          , Ms          , Gg          , Ha          , Ha          , Ha          , Gg          , Gg          , Gg          , Gg          , Gg          , Gg          , Gg          , Rd          , Gg          , Gg          , Gg          , Gg          , Gg          , Gg          , Ggf^Efm     , Gg          , Gg          , Gg          , Gg          , Gg          , Hh          , Hh          , Mm          , Mm^Vhh      , Mm          , Mm          , Mm          , Mm^Vhh      , Mm          , Mm          
Uu          , Uu          , Uu          , Uu          , Uu          , Uu          , Uu          , Uu          , Xu          , Ms          , Ms          , Ms          , Gg          , Ha          , Gg          , Gg          , Gg          , Gg^Vo       , Gg          , Gg          , Gg          , Gg          , Gg          , Rd          , Gg          , Gg          , Gg          , Gg          , Gg          , Gg          , Gg          , Gg^Vc       , Gg          , Gg          , Gg          , Gg          , Gg          , Hh          , Hh          , Mm          , Mm          , Mm          , Mm          , Mm          , Mm          , Mm          
Uu          , Uu          , Uu          , Uu          , Uu          , Uu          , Uu          , Uu          , Xu          , Gg          , Ms          , Gg          , Ha          , Ha          , Gg          , Gg          , Gg          , Gg          , Gg          , Gg          , Gg          , Gg          , Rd          , Rd          , Gg          , Gg          , Gg          , Gg          , Gg          , Gg          , Ggf^Efm     , Gg          , Gg          , Gg          , Gg          , Gg          , Gg          , Gg          , Hh          , Mm          , Mm          , Mm          , Mm          , Mm          , Mm          , Mm          
Uu          , Uu          , Uu          , Uu          , Uu^Vu       , Uu          , Uu          , Uu          , Rd          , Gg          , Ms          , Ha          , Gg          , Gg          , Gg          , Gg          , Gg          , Gg          , Gg          , Gg          , Gg          , Rd          , Gg          , Gg          , Gg^Vc       , Gg          , Gg          , Gg          , Gg          , Gg          , Gg          , Gg          , Gg          , Gg          , Co          , Co          , Co          , Gg          , Hh          , Hh^Fmw      , Mm          , Mm          , Mm          , Mm          , Mm          , Mm          
Xu          , Uu^Vu       , Xu          , Uu          , Xu          , Xu          , Xu          , Rd          , Rd          , Gg          , Gg          , Gg          , Gg          , Gg^Vc       , Gg          , Gg          , Gg          , Gg          , Gg          , Gg          , Gg          , Rd          , Gg          , Gg          , Gg          , Gg          , Gg          , Gg          , Gg          , Gg          , Gg          , Gg          , Gg          , Gg          , Co          , 3 Ko        , Co          , Gg          , Hh          , Hh^Fdw      , Mm          , Mm          , Hh          , Mm          , Mm          , Mm          
Xu          , Xu          , Ms          , Xu          , Ms          , Xu          , Ms          , Gg          , Gg          , Rd          , Rd          , Gg          , Gg          , Gg          , Gg          , Ggf^Efm     , Gg          , Gg          , Rd          , Rd          , Rd          , Rd          , Gg          , Gg          , Ggf^Efm     , Gg          , Gg          , Gg          , Gg          , Gg          , Gg          , Gg^Vo       , Gg          , Gg          , Gg          , Co          , Gg          , Hh          , Mm          , Mm          , Mm^Vhh      , Mm          , Hh          , Mm          , Mm^Vhh      , Mm          
Ms          , Ms          , Ms          , Ms          , Ms          , Ms          , Ha          , Gg          , Gg          , Gg          , Rd          , Gg          , Gg          , Gg          , Gg          , Gg          , Rd          , Rd          , Gg          , Gg          , Gg          , Gg          , Gg          , Gg^Vo       , Gg          , Gg          , Gg          , Gg          , Gg          , Gg          , Gg          , Gg          , Gg          , Gg          , Gg          , Gg          , Hh^Fdw      , Mm          , Mm          , Mm          , Mm          , Hh          , Hh          , Mm          , Mm          , Mm          
Ms          , Ms          , Ms          , Ms          , Gg          , Gg          , Ha          , Gg          , Gg          , Ggf^Efm     , Gg          , Rd          , Rd          , Gg          , Gg          , Gg          , Rd          , Gg          , Gg          , Gg          , Gg          , Gg          , Gg          , Gg          , Gg          , Gg          , Gg          , Gg          , Gg          , Gg          , Gg          , Gg          , Gg          , Gg          , Gg          , Gg          , Hh^Fmw      , Mm          , Mm          , Mm          , Hh          , Hh          , Hh          , Hh^Fmw      , Hh^Fmw      , Mm          
Ms          , Ms          , Ha          , Ha          , Ha          , Gg          , Gg          , Gg          , Gg          , Gg          , Gg          , Gg          , Rd          , Gg          , Gg          , Rd          , Gg          , Gg          , Gg          , Gg          , Gg          , Gg          , Gg          , Gg          , Gg          , Gg          , Gg^Vc       , Gg          , Gg          , Gg          , Gg          , Gg          , Gg          , Gg          , Gg          , Gg          , Hh          , Hh          , Hh          , Hh          , Hh          , Hh          , Hh          , Hh^Fmw      , Hh^Fmw      , Hh^Fmw      
Ha          , Ha          , Ha          , Ha          , Gg          , Gg          , Gg          , Gg^Vo       , Gg          , Ggf^Efm     , Gg          , Gg          , Gg          , Rd          , Rd          , Rd          , Gg          , Gg          , Gg^Vc       , Gg          , Gg          , Gg          , Gg          , Gg          , Gg          , Gg          , Gg          , Gg          , Gg          , Gg          , Ggf^Efm     , Gg          , Gg          , Gg          , Gg          , Gg          , Ww          , Ww          , Ww          , Ww          , Ww          , Ww          , Ww          , Ww          , Ww          , Ww          
Ha          , Ha          , Gg          , Gg          , Gg          , Gg          , Gg          , Gg          , Gg          , Gg          , Gg          , Gg          , Gg          , Gg^Vo       , Gg          , Rd          , Rd          , Gg          , Gg          , Gg          , Gg          , Gg          , Gg          , Gg          , Gg          , Gg          , Gg          , Gg          , Gg          , Ggf^Efm     , Ggf^Efm     , Gg          , Gg          , Gg          , Ww^Vm       , Ww          , Ww          , Ww          , Ww          , Ww          , Ww          , Ww          , Ww          , Ww          , Hh          , Hh          
Gg          , Gg          , Gg          , Gg          , Gg          , Gg          , Gg          , Gg          , Gg          , Gg          , Gg          , Gg          , Gg          , Gg          , Gg          , Gg          , Gg          , Rd          , Rd          , Gg          , Gg          , Gg^Vo       , Gg          , Gg          , Co          , Co          , Co          , Gg          , Gg          , Gg          , Gg          , Gg          , Ww          , Ww          , Ww          , Ww          , Hh          , Hh          , Hh          , Hh          , Mm          , Hh          , Hh          , Ww          , Mm          , Mm          
Gg          , Gg          , Gg          , Gg          , Gg          , Gg          , Ggf^Efm     , Gg          , Gg          , Gg          , Gg          , Gg          , Gg          , Gg          , Gg          , Gg          , Gg          , Gg          , Gg          , Rd          , Rd          , Gg          , Gg          , Gg          , Co          , 4 Ko        , Co          , Gg          , Gg          , Gg          , Ww          , Gg          , Ww          , Ww          , Ww          , Ww          , Mm          , Mm          , Mm          , Mm          , Mm^Vhh      , Mm          , Hh          , Mm          , Mm^Vhh      , Mm          
Gg          , Gg          , Gg          , Gg          , Gg          , Gg          , Gg          , Gg          , Gg          , Gg          , Gg          , Gg          , Gg          , Gg          , Gg          , Gg          , Gg          , Gg          , Gg          , Gg          , Gg          , Rd          , Rd          , Gg          , Gg          , Co          , Gg          , Gg          , Gg          , Ww          , Ww          , Ww          , Ww          , Ww          , Ww          , Gg          , Gg          , Hh          , Hh          , Mm          , Hh          , Mm          , Mm          , Mm          , Mm          , Mm          
Gg          , Gg          , Gg          , Gg          , Co          , Co          , Co          , Gg          , Gg          , Gg          , Gg          , Gg          , Gg          , Gg          , Gg          , Gg          , Gg          , Gg          , Gg          , Gg          , Gg          , Gg          , Gg          , Rd          , Rd          , Gg          , Gg          , Gg          , Ww          , Ww          , Ww          , Ww          , Ww^Vm       , Ww          , Gg          , Gg          , Gg          , Hh          , Mm          , Hh          , Hh          , Mm          , Mm          , Mm          , Mm          , Mm          
Gg          , Gg          , Ggf^Efm     , Ggf^Efm     , Co          , 2 Ko        , Co          , Gg          , Gg          , Gg          , Gg          , Gg          , Gg          , Gg          , Gg          , Gg          , Gg          , Gg          , Gg          , Gg          , Gg          , Gg          , Gg          , Gg          , Ww          , Rd          , Rd          , Ww          , Ww          , Ww          , Ww          , Ww          , Gg          , Gg          , Gg          , Gg          , Hh          , Hh          , Mm          , Mm          , Mm          , Hh          , Mm          , Mm          , Mm          , Mm          
Gg          , Gg          , Gg          , Gg          , Gg          , Co          , Gg          , Gg          , Ggf^Efm     , Gg          , Gg          , Gg          , Gg          , Gg          , Gg          , Gg          , Gg          , Gg          , Gg          , Gg          , Gg          , Gg          , Ww          , Ww          , Ww          , Ww          , Ww          , Wwf         , Wwf         , Ww          , Ww          , Gg          , Gg          , Gg          , Gg          , Gg          , Hh          , Hh          , Mm          , Mm^Vhh      , Mm          , Mm          , Hh          , Mm          , Rd          , Rd          
Gg          , Gg          , Gg          , Gg          , Gg          , Gg          , Gg          , Gg          , Ggf^Efm     , Gg          , Gg          , Gg          , Gg          , Gg          , Gg          , Gg          , Gg          , Gg          , Gg          , Gg          , Gg          , Ww          , Ww          , Ww          , Ww          , Ww          , Ww^Vm       , Ww          , Rd          , Ww          , Gg          , Gg          , Gg          , Gg          , Gg          , Gg          , Hh          , Hh          , Mm          , Mm          , Mm          , Mm          , Rd          , Rd          , Hh^Vhh      , Mm          
Gg          , Gg          , Gg          , Gg          , Gg          , Gg          , Gg          , Gg          , Gg          , Gg          , Gg          , Gg^Vo       , Gg          , Gg          , Gg          , Gg          , Gg          , Gg          , Ww          , Wwf         , Ww          , Ww          , Ww          , Gg          , Ww          , Ww          , Gg          , Gg          , Gg          , Rd          , Gg          , Gg          , Gg          , Gg          , Gg          , Gg          , Gg          , Hh          , Mm          , Mm          , Mm          , Hh          , Rd          , Rd          , Hh          , Mm          
Gg          , Gg          , Gg          , Gg          , Gg          , Gg          , Gg          , Gg          , Gg          , Gg          , Gg          , Gg          , Gg          , Gg          , Gg          , Gg          , Ww^Vm       , Ww          , Ww          , Ww          , Ww          , Ww          , Ww          , Gg          , Gg          , Gg          , Gg          , Gg          , Gg          , Rd          , Rd          , Gg          , Gg          , Gg          , Gg          , Gg          , Hh          , Hh          , Hh          , Mm          , Mm          , Hh          , Mm          , Rd          , Rd          , Mm          
Gg          , Gg          , Gg          , Gg          , Gg          , Gg          , Gg          , Gg^Vc       , Gg          , Gg          , Gg          , Gg          , Gg          , Gg          , Ww          , Ww          , Ww          , Ww          , Wwf         , Ww          , Ww          , Ww          , Gg          , Gg          , Gg          , Gg          , Gg          , Ggf^Efm     , Gg          , Gg          , Co          , Rd          , Rd          , Gg          , Ggf^Efm     , Gg          , Gg          , Hh          , Hh          , Hh          , Hh          , Mm          , Mm          , Mm          , Rd          , Hh          
Gg          , Gg          , Gg          , Gg          , Gg          , Gg          , Gg          , Gg          , Gg          , Gg          , Gg          , Gg          , Ww          , Wwf         , Wwf         , Ww          , Ww          , Ww          , Ww          , Gg          , Gg          , Gg          , Gg          , Gg          , Gg          , Gg          , Gg          , Gg          , Gg          , Co          , 6 Ko        , Co          , Rd          , Gg          , Ggf^Efm     , Gg          , Gg          , Gg          , Hh          , Hh          , Mm          , Mm^Vhh      , Mm          , Rd          , Hh          , Hh          
Gg          , Gg          , Gg          , Gg          , Gg          , Gg          , Gg          , Gg          , Gg          , Gg          , Ww          , Wwf         , Wwf         , Ww          , Wwf         , Ww          , Gg          , Gg          , Gg          , Gg          , Gg          , Gg          , Gg          , Gg          , Gg          , Gg          , Gg^Vc       , Gg          , Gg          , Co          , Co          , Co          , Rd          , Gg^Vo       , Gg          , Gg          , Gg          , Gg          , Hh          , Hh          , Hh          , Mm          , Rd          , Rd          , Mm          , Mm          
Gg          , Gg          , Gg          , Gg          , Gg          , Gg          , Ww          , Gg          , Ww          , Ww          , Ww          , Ww          , Ww          , Ww          , Co          , Co          , Co          , Gg          , Gg          , Gg          , Gg          , Gg          , Gg          , Gg          , Gg          , Gg          , Gg          , Gg          , Gg          , Gg          , Gg          , Gg          , Gg          , Rd          , Rd          , Gg          , Gg          , Gg          , Hh          , Mm          , Rd          , Rd          , Mm          , Mm          , Mm^Vhh      , Mm          
Gg          , Gg          , Gg          , Gg          , Ww          , Gg          , Ww          , Ww          , Wwf         , Ww          , Ww          , Ww          , Ww          , Ww          , Co          , 5 Ko        , Co          , Gg          , Gg          , Gg          , Gg          , Gg^Vo       , Gg          , Gg          , Gg          , Gg          , Gg          , Gg          , Gg          , Gg          , Gg          , Gg          , Gg          , Gg          , Gg          , Rd          , Rd          , Gg          , Gg          , Rd          , Hh          , Ww          , Uu          , Uu          , Uu          , Xu          
Gg          , Gg          , Gg          , Ww          , Gg          , Ww          , Ww          , Ww          , Ww          , Ww          , Ww          , Ww          , Ww          , Ww          , Gg          , Co          , Gg          , Gg          , Gg          , Gg          , Gg          , Gg          , Gg          , Gg          , Gg          , Gg          , Gg          , Gg          , Gg          , Gg          , Gg          , Gg          , Gg          , Ggf^Efm     , Gg          , Gg          , Rd          , Gg          , Gg          , Rd          , Ww          , Ww          , Cud         , Uu          , Xu          , Xu          
Gg          , Gg          , Gg          , Ww          , Ww          , Ww          , Ww          , Ww          , Ww          , Ww          , Ww          , Wwf         , Gg          , Gg          , Gg          , Gg          , Gg          , Gg          , Gg^Vc       , Gg          , Gg          , Gg          , Gg          , Gg          , Gg          , Gg          , Gg          , Gg          , Gg          , Gg          , Ww          , Ww          , Gg          , Ggf^Efm     , Gg          , Gg          , Gg          , Rd          , Rd          , Rd          , Ww          , Cud         , Uu          , Uu          , Xu          , Xu          
Gg          , Gg          , Ww          , Ww          , Ww          , Ww          , Gg          , Gg          , Gg^Vc       , Ww          , Gg          , Gg          , Gg          , Gg^Vo       , Gg          , Gg          , Gg          , Gg          , Gg          , Gg          , Gg          , Gg          , Hh          , Gg          , Gg          , Gg          , Gg          , Gg          , Gg          , Ww          , Xu          , Ww          , Ww          , Gg          , Gg          , Gg          , Ww          , Ww          , Ww          , Rd          , Ww          , Ww          , Ww          , Uu          , Uu^Vud      , Xu          
Gg          , Gg          , Ww          , Ww          , Ww          , Ww          , Gg          , Gg          , Ww          , Ww          , Gg          , Gg          , Gg          , Gg          , Gg          , Gg          , Gg          , Gg          , Hh          , Gg          , Gg          , Gg          , Hh          , Hh          , Hh          , Hh          , Hh          , Hh          , Hh          , Hh          , Xu          , Cud         , Uu          , Ww          , Ww          , Ww          , Ww          , Ww          , Ww          , Ww^Bsb|     , Uu          , Ww          , Uu          , Cud         , Xu          , Xu          
Ww          , Ww          , Ww          , Ww          , Ww          , Ww          , Gg          , Gg          , Gg          , Gg          , Gg          , Gg          , Gg          , Gg          , Gg          , Gg          , Gg          , Gg          , Hh          , Gg          , Hh          , Hh          , Hh          , Hh          , Hh^Fmw      , Hh          , Hh^Fmw      , Hh          , Hh^Fmw      , Hh^Fms      , Xu          , Uu^Vud      , Uu          , Uu          , Uu          , Ww          , Cud         , Uu          , Uu          , Ur          , Ur          , Uu^Vud      , Uu          , Cud         , Cud         , Xu          
Ww          , Ww          , Ww          , Ww          , Gg          , Gg          , Gg          , Gg          , Gg          , Gg          , Gg          , Gg          , Gg          , Gg          , Hh          , Hh          , Hh          , Hh          , Hh          , Hh          , Hh          , Hh          , Hh          , Hh          , Hh          , Hh^Fdw      , Hh          , Hh          , Hh          , Hh          , Mm          , Xu          , Xu          , Xu          , Cud         , Cud         , Cud         , 1 Kud       , Uu          , Ur          , Ur          , Ur          , Ur          , Uu          , Uu^Vud      , Xu          
Ww          , Ww          , Hh          , Gg          , Hh          , Gg          , Hh          , Gg          , Hh          , Gg          , Hh          , Hh          , Hh          , Hh          , Hh          , Hh          , Hh^Fmw      , Hh          , Hh^Fmw      , Hh^Fdw      , Mm          , Hh          , Hh^Fdw      , Hh          , Mm          , Mm          , Mm          , Hh          , Mm          , Mm          , Mm          , Mm          , Mm          , Xu          , Xu          , Xu          , Xu          , Cud         , Uu          , Uu^Vud      , Uu          , Ur          , Ur          , Ur          , Ur          , Uu          
Mm          , Hh          , Hh          , Hh          , Hh          , Hh^Fmw      , Hh^Fdw      , Hh^Fdw      , Mm          , Hh          , Mm          , Mm          , Mm          , Mm          , Mm          , Mm          , Mm          , Hh^Fdw      , Mm          , Mm          , Mm          , Mm          , Mm          , Mm          , Mm          , Mm          , Mm          , Mm          , Mm          , Mm          , Mm          , Mm          , Mm          , Mm          , Xu          , Xu          , Xu          , Xu          , Uu^Vud      , Uu          , Uu          , Uu          , Uu^Vud      , Ur          , Ur          , Ur          
Mm          , Mm          , Mm          , Mm          , Mm          , Mm          , Mm          , Mm          , Mm          , Mm          , Mm          , Mm          , Mm          , Mm          , Mm          , Mm          , Mm          , Mm          , Mm          , Mm          , Mm          , Mm          , Mm          , Mm          , Mm          , Mm          , Mm          , Mm          , Mm          , Mm          , Mm          , Mm          , Mm          , Mm          , Xu          , Xu          , Xu          , Xu          , Xu          , Xu          , Xu          , Uu          , Uu          , Uu          , Uu          , Ur          
