border_size=1
usage=map

Gs          , Gs          , Gs          , Gs          , Gs          , Gs          , Gs          , Gs          , Gs          , Gs          , Gs          , Gs          , Gs          , Gs          , Gs          , Gs          , Gs          , Gs          , Gs          , Gs          , Gs          , Gs          , Gs          , Gs          , Gs          , Gs          , Gs          , Gs          , Gs          , Gs          , Gs          , Gs          , Gs          , Gs          , Rd          , Gs          , Gs          , Gs          , Gs          , Gs          , Gs          , Gs          , Gs          , Gs          , Gs          , Gs          , Gs          , Gs          , Gs          , Gs          , Gs          , Gs          , Gs          , Gs          , Gs          , Rd          , Rd          , Gs          , Gs          , Gs          , Gs          , Gs          , Gs          , Gs          , Gs          
Gs          , Gs          , Gs          , Gs          , Gs          , Gs          , Gs          , Gs          , Gs          , Gs          , Gs          , Gs          , Gs          , Gs          , Gs          , Gs          , Gs          , Gs          , Gs          , Gs          , Gs          , Gs          , Gs          , Gs          , Gs          , Gs          , Gs          , Gs          , Re          , Re^Gvs      , Re^Gvs      , Gs          , Gs          , Gs          , Rd          , Gs          , Gs          , Gs          , Re          , Gs          , Re^Gvs      , Gs          , Re^Gvs      , Gs          , Gs          , Gs          , Gs          , Gs          , Re^Gvs      , Re^Gvs      , Re^Gvs      , Gs          , Gs          , Gs          , Rd          , Rd          , Gs          , Gs          , Gs          , Gs          , Ce          , Gs          , Gs          , Gs          , Gs          
Gs          , Gs          , Gs          , Gs          , Gs          , Gs          , Gs          , Gs          , Gs          , Gs          , Gs          , Gs          , Gs          , Gs          , Gs          , Gs          , Gs          , Gs          , Gs          , Gs          , Gs          , Gs          , Gs          , Gs          , Gs          , Gs          , Re^Gvs      , Re^Gvs      , Re^Gvs      , Re^Gvs      , Re          , Re^Gvs      , Gg^Vh       , Gs          , Rd          , Gs          , Re^Gvs      , Re^Gvs      , Re^Gvs      , Re^Gvs      , Re          , Re^Gvs      , Re^Gvs      , Gs          , Gs          , Gs          , Gs          , Re^Gvs      , Re^Gvs      , Re^Gvs      , Gs          , Gg^Vh       , Gs          , Rd          , Gs          , Gs          , Gs          , Gs          , Gs          , Ce          , 6 Ke        , Ce          , Gs          , Gs          , Gs          
Gs          , Gs          , Gs          , Gs          , Gs          , Gs          , Gs          , Gs          , Gs          , Gs          , Gs          , Gs          , Gs          , Gs          , Gs          , Gs          , Gs          , Gs          , Gs          , Gs          , Gs          , Gg^Vh       , Gs          , Gs          , Re^Gvs      , Re          , Re^Gvs      , Re^Gvs      , Re^Gvs      , Re^Gvs      , Re^Gvs      , Re^Gvs      , Re^Gvs      , Rd          , Gs          , Re          , Re^Gvs      , Re^Gvs      , Re          , Re^Gvs      , Re^Gvs      , Re^Gvs      , Re          , Gs          , Gs          , Gs          , Gs          , Gs          , Gs          , Gs          , Gs          , Gs          , Rd          , Rd          , Gs          , Gs          , Gs          , Gs          , Gs          , Ce          , Ce          , Ce          , Gs          , Gs          , Gs          
Gs          , Gs          , Gs          , Gs          , Gs          , Gs          , Gs          , Gs          , Gs          , Gs          , Gs          , Gs          , Gs          , Gs          , Gs          , Gs          , Gs          , Gs          , Gs          , Gs          , Gs          , Gs          , Gs          , Gs          , Gs          , Re^Gvs      , Re^Gvs      , Re          , Re^Gvs      , Re          , Re^Gvs      , Re^Gvs      , Gs          , Rd          , Gs          , Re^Gvs      , Re^Gvs      , Re^Gvs      , Re^Gvs      , Re^Gvs      , Re^Gvs      , Re^Gvs      , Gg^Vh       , Gs          , Gs          , Gs          , Gs          , Gs          , Rd          , Rd          , Rd          , Rd          , Rd          , Gs          , Gs          , Gs          , Gs          , Gs          , Gg^Vh       , Gs          , Gs          , Gs          , Gs          , Gs          , Gs          
Gs          , Gs          , Ww          , Gs          , Ww          , Gs          , Gs          , Gs          , Gs          , Gs          , Gs          , Gs          , Gs          , Gs          , Gs          , Gs          , Gs          , Gs          , Gs          , Gs          , Gs          , Gs          , Gs          , Gs          , Gs          , Gs          , Gs          , Re^Gvs      , Re^Gvs      , Re^Gvs      , Re^Gvs      , Re^Gvs      , Gs          , Rd          , Rd          , Gs          , Gs          , Re          , Gs          , Re^Gvs      , Gs          , Gs          , Rd          , Rd          , Rd          , Rd          , Rd          , Rd          , Gs          , Gs          , Gs          , Gs          , Gs          , Gg^Wm       , Gs          , Gs          , Gs          , Gs          , Gs          , Gs          , Ce          , Ce          , Ce          , Gs          , Gs          
Ww          , Ww          , Wo          , Ww          , Wo          , Ww          , Ww          , Gs          , Gs          , Gs          , Gs          , Gs          , Gs          , Gs          , Gs          , Gs          , Gs          , Gs          , Gs          , Gs          , Gs          , Gs          , Gs          , Gs          , Gs          , Gs          , Gs          , Gs          , Gs          , Re^Gvs      , Gs          , Gs          , Gs          , Gs          , Ch          , Gs          , Gs          , Gs          , Ww          , Gs          , Ch          , Rd          , Gs          , Gs          , Gs          , Gs          , Gs          , Gs          , Gs          , Gs          , Gs          , Gs          , Gs          , Gs          , Gs          , Gs          , Gs          , Gs          , Gs          , Gs          , Ce          , 8 Ke        , Ce          , Gs          , Gs          
Wo          , Wo          , Wo          , Wo          , Wo          , Wo          , Wo          , Ww          , Ww          , Gs          , Ww          , Ww          , Ww          , Ww          , Ww          , Ww          , Ww          , Gs          , Ww          , Gs          , Ww          , Gs          , Ww          , Gs          , Ww          , Gs          , Gs          , Gs          , Ww          , Gs          , Ww          , Ww          , Ww          , Ww          , Ww^Bsb|     , Ch          , Ww          , Ww          , Ww          , Ch          , Ww^Bsb|     , Ww          , Ww          , Ww          , Ww          , Ww          , Ww          , Ww          , Ww          , Gs          , Gs          , Gs          , Gs          , Gs          , Gs          , Gs          , Gs          , Gs          , Gs          , Gs          , Gs          , Ce          , Gs          , Gg^Vh       , Gs          
Wo          , Wo          , Wo          , Wo          , Wo          , Wo          , Wo          , Wo          , Wo          , Ww          , Wo          , Wo          , Wo          , Wo          , Wo          , Wo          , Ww          , Ww          , Ww          , Ww          , Ww          , Ww          , Ww          , Ww          , Wo          , Ww          , Ww          , Ww          , Wo          , Ww          , Wo          , Ww          , Ww          , Ww          , Ww^Bsb|     , Ww          , Ww          , Ww          , Ww          , Ww          , Ww          , Ww          , Wo          , Wo          , Wo          , Wo          , Wo          , Wo          , Wo          , Ww          , Ww          , Gs          , Ww          , Gs          , Wwf         , Gs          , Wwf         , Gs          , Wwf         , Gs          , Wwf         , Gs          , Wwf         , Gs          , Ww          
Wo          , Wo          , Wo          , Wo          , Wo          , Wo          , Wo          , Wo          , Wo          , Wo          , Wo          , Wo          , Wo          , Wo          , Ww          , Ww          , Ww          , Ww          , Ww          , Ww          , Ww          , Wo          , Wo          , Wo          , Wo          , Wo          , Wo          , Wo          , Wo          , Wo          , Wo          , Wo          , Ww          , Ww          , Ch          , Ww          , Ww          , Ww          , Ww          , Ww          , Ww^Bsb|     , Ww          , Wo          , Wo          , Wo          , Wo          , Wo          , Wo          , Wo          , Wo          , Wo          , Ww          , Wo          , Ww          , Ww          , Wwf         , Wwf         , Wwf         , Wwf         , Wwf         , Wwf         , Wwf         , Ww          , Ww          , Ww          
Ww          , Wo          , Ww          , Wo          , Wo          , Wo          , Wo          , Wo          , Wo          , Wo          , Wo          , Wo          , Wo          , Ww          , Ch          , Ch          , Gg^Vh       , Ww          , Ww          , Ww          , Gg          , Ww          , Ww          , Wo          , Wo          , Wo          , Wo          , Wo          , Ww          , Wo          , Ww          , Ww          , 3 Kh        , Ch          , Rr          , Gg          , Ch          , Ww          , Gg^Vh       , Ww          , Ch          , Ww          , Ww          , Wo          , Wo          , Wo          , Wo          , Wo          , Wo          , Wo          , Wo          , Wo          , Wo          , Wo          , Wo          , Ww          , Wwf         , Wwf         , Wwf         , Wwf         , Wwf         , Ww          , Wo          , Wo          , Wo          
Gs          , Ww          , Gs          , Ww          , Ww          , Ww          , Ww          , Wo          , Wo          , Wo          , Wo          , Wo          , Ww          , Ww          , Ch          , Re^Gvs      , Rr          , Re^Gvs      , Re^Gvs      , Gg          , Rr          , Ch          , Ww^Bsb\     , Ww          , Ww          , Wo          , Wo          , Wo          , Ww          , Ww^Bw\      , Rd          , Ch          , Gg^Wm       , Ch          , Rr          , Gg^Vh       , Re^Gvs      , Ch          , Re^Gvs      , Re^Gvs      , Rr          , Gg^Wm       , Ch          , Ww          , Ww          , Wo          , Wo          , Wo          , Wo          , Wo          , Ww          , Wo          , Wo          , Wo          , Wo          , Ww          , Wwf         , Wwf         , Wwf         , Wwf         , Wwf         , Ww          , Wo          , Wo          , Wo          
Gs          , Gs          , Gs          , Gs          , Gs          , Gs          , Gs          , Ww          , Ww          , Wo          , Wo          , Wo          , Wo          , Ww          , Ww          , Rr          , Gg^Vh       , Rr          , Rr          , Rr          , Gg          , Ch          , Ww          , Ww^Bsb\     , Ww          , Ww          , Ww          , Wo          , Ww          , Ch          , Rr          , Re^Gvs      , Gg^Vh       , Re^Gvs      , Rr          , Gg^Vh       , Re^Gvs      , Gg          , Gg          , Gg          , Rr          , Gg^Vh       , Re^Gvs      , Ch          , Ww^Bw\      , Wo          , Wo          , Wo          , Wo          , Ww          , Gg          , Ww          , Wo          , Wo          , Wo          , Ww          , Wwf         , Wwf         , Wwf         , Wwf         , Ww          , Ww          , Wo          , Wo          , Wo          
Gs          , Gs          , Gs          , Gs          , Gs          , Gs          , Gs          , Gs          , Gs          , Ww          , Ww          , Wo          , Wo          , Wo          , Ww          , Ww          , Ww          , Re^Gvs      , Ch          , Gg^Vh       , Ww          , Ww          , Ww          , Ww          , Wo          , Ww          , Ww^Bsb\     , Ww          , Ww          , Gg          , Rr          , Gg^Vh       , Re^Gvs      , Gg          , Gg^Vh       , Rr          , Rp^Vhc      , Rr          , Re^Gvs      , Re^Gvs      , Rr          , Gg^Vh       , Re^Gvs      , Ch          , Ww          , Ww^Bw\      , Ww^Bw\      , Wo          , Ww^Bw/      , Ww^Bw/      , Ww          , Ww          , Wo          , Wo          , Wo          , Ww          , Wwf         , Wwf         , Wwf         , Ww          , Wo          , Wo          , Wo          , Wo          , Wo          
Gs          , Gs          , Gs          , Gs          , Gs          , Gs          , Gs          , Gs          , Gs          , Gs          , Ww          , Wo          , Wo          , Wo          , Ww          , Ww          , Ww          , Ww          , Ww^Bsb|     , Ww          , Ww          , Ww          , Wo          , Wo          , Wo          , Wo          , Wo          , Ww^Bsb\     , Ww^Bsb\     , Ch          , Rr          , Re^Gvs      , Gg^Vh       , Gg          , Gg^Vh       , Rr          , Rr          , Rr          , Gg          , Rr          , Rr          , Gg          , 7 Kh        , Gg          , Ww^Bw\      , Ww          , Ww^Bw/      , Ww^Bw/      , Wo          , Wo          , Wo          , Wo          , Wo          , Wo          , Wo          , Ww          , Wwf         , Wwf         , Wwf         , Ww          , Wo          , Wo          , Wo          , Wo          , Wo          
Gs          , Gs          , Gs          , Gg^Vh       , Gs          , Gs          , Gs          , Gs          , Re^Gvs      , Gs          , Gs          , Ww          , Ww          , Ww          , Ww          , Ww          , Ww          , Ww          , Ww^Bsb|     , Ww          , Ww          , Ww          , Ww          , Ww          , Ww          , Wo          , Wo          , Ww          , Ww          , Ch          , Re^Gvs      , Rr          , Rr          , Gg          , Rr          , Rr          , Gg          , Rr          , Rr          , Gg^Vh       , Rr          , Gg^Vh       , Ch          , Ch          , Ww          , Ww^Bw\      , Wo          , Wo          , Wo          , Wo          , Wo          , Wo          , Wo          , Wo          , Wo          , Ww          , Wwf         , Wwf         , Wwf         , Ww          , Ww          , Wo          , Wo          , Wo          , Wo          
Gs          , Gs          , Gs          , Gs          , Gs          , Gs          , Re^Gvs      , Re^Gvs      , Re^Gvs      , Re^Gvs      , Re^Gvs      , Gs          , Gs          , Gs          , Gs          , Ww          , Ww          , Ww          , Ch          , Ww          , Gs          , Gs          , Gs          , Ww          , Gs          , Ww          , Wo          , Wo          , Wo          , Ww          , Ww          , Ch          , Re^Gvs      , Ch          , Gg^Vh       , Rr          , Rr          , Re^Gvs      , Re^Gvs      , Rr          , Ch          , Re^Gvs      , Gg          , Ch          , Ww^Bw\      , Wo          , Wo          , Wo          , Wo          , Wo          , Ww          , Ww          , Ww          , Wo          , Ww          , Ww          , Wwf         , Wwf         , Wwf         , Wwf         , Wwf         , Ww          , Wo          , Wo          , Wo          
Gs          , Gs          , Gs          , Gs          , Re^Gvs      , Gs          , Gs          , Re^Gvs      , Re^Gvs      , Re^Gvs      , Gs          , Gs          , Gs          , Gs          , Gs          , Gs          , Gs          , Gs          , Rd          , Gs          , Re^Gvs      , Re^Gvs      , Re^Gvs      , Gs          , Gs          , Ww          , Wo          , Wo          , Wo          , Wo          , Ww          , Ww          , Ch          , 5 Kh        , Re^Gvs      , Gg^Wm       , Rr          , Re^Gvs      , Ch          , Gg^Vh       , Ww          , Ch          , Ww          , Ww          , Wo          , Ww^Bw\      , Wo          , Wo          , Ww          , Ww          , Gs          , Ww          , Gs          , Ww          , Wwf         , Wwf         , Gs          , Wwf         , Gs          , Gs          , Gs          , Ww          , Ww          , Wo          , Wo          
Gs          , Gs          , Re^Gvs      , Re^Gvs      , Re^Gvs      , Re^Gvs      , Re^Gvs      , Gs          , Gs          , Gg^Vh       , Rd          , Gs          , Rd          , Gs          , Gs          , Gs          , Rd          , Rd          , Rd          , Re^Gvs      , Re^Gvs      , Re^Gvs      , Re^Gvs      , Re^Gvs      , Gs          , Ww          , Wo          , Wo          , Wo          , Wo          , Ww          , Ww          , Ww^Bsb/     , Ch          , Ww          , Ch          , Ww          , Ch          , Ww^Bsb|     , Ww          , Wo          , Ww          , Wo          , Wo          , Wo          , Wo          , Wo          , Wo          , Ww          , Gs          , Gs          , Gs          , Re^Gvs      , Gs          , Gs          , Gs          , Gs          , Gs          , Gs          , Gs          , Gs          , Ww          , Ww          , Wo          , Wo          
Gs          , Gs          , Gs          , Re^Gvs      , Re^Gvs      , Re^Gvs      , Gs          , Gs          , Gs          , Gs          , Rd          , Rd          , Gs          , Rd          , Rd          , Rd          , Gs          , Gs          , Gs          , Rd          , Gg^Vh       , Re^Gvs      , Gs          , Gs          , Gs          , Ww          , Ww          , Wo          , Ww          , Ww          , Ww          , Ww^Bsb/     , Ww          , Ww          , Wo          , Ww          , Wo          , Ww          , Ww^Bsb|     , Ww          , Wo          , Wo          , Wo          , Wo          , Wo          , Wo          , Wo          , Wo          , Ww          , Gs          , Re^Gvs      , Re^Gvs      , Re^Gvs      , Gg^Vh       , Gs          , Gs          , Gs          , Gs          , Gs          , Gs          , Gs          , Gs          , Ww          , Wo          , Wo          
Gs          , Gs          , Gs          , Gs          , Gs          , Gs          , Gs          , Gs          , Rd          , Rd          , Gs          , Gs          , Gs          , Gs          , Gs          , Gs          , Gs          , Gs          , Gs          , Rd          , Rd          , Gs          , Gs          , Gs          , Gs          , Gs          , Gs          , Ww          , Ww^Bsb/     , Ww^Bsb/     , Ww          , Ww          , Wo          , Wo          , Wo          , Wo          , Wo          , Ww          , Ww          , Ww          , Wo          , Wo          , Wo          , Wo          , Wo          , Wo          , Ww          , Ww          , Gs          , Gs          , Re^Gvs      , Re^Gvs      , Re^Gvs      , Gs          , Gs          , Gs          , Gs          , Gs          , Gs          , Gs          , Gs          , Gs          , Gs          , Ww          , Ww          
Gs          , Gs          , Gs          , Gs          , Gs          , Gs          , Gs          , Gs          , Rd          , Gs          , Gs          , Gs          , Gs          , Gs          , Gs          , Gs          , Re^Gvs      , Re^Gvs      , Re^Gvs      , Gs          , Rd          , Rd          , Rd          , Gs          , Gs          , Gs          , Gs          , Ch          , Ch          , Ww          , Ww          , Wo          , Wo          , Wo          , Wo          , Wo          , Wo          , Ww          , Ww^Bsb|     , Ww          , Wo          , Wo          , Ww          , Ww          , Ww          , Ww          , Gs          , Gs          , Gs          , Gs          , Re^Gvs      , Re^Gvs      , Re^Gvs      , Gs          , Gs          , Gs          , Gs          , Gs          , Gs          , Gs          , Gs          , Gs          , Gs          , Gs          , Gs          
Gs          , Gg^Vh       , Gs          , Gs          , Gs          , Gs          , Rd          , Rd          , Gs          , Gs          , Co          , Co          , Co          , Gs          , Re^Gvs      , Re^Gvs      , Re^Gvs      , Re^Gvs      , Re^Gvs      , Rd          , Re^Gvs      , Gs          , Gs          , Rd          , Rd          , Rd          , Rd          , Rd          , Re^Gvs      , Gs          , Gs          , Ww          , Ww          , Ww          , Ww          , Ww          , Ww          , Ww          , Ww^Bsb|     , Ww          , Ww          , Ww          , Gs          , Gs          , Gs          , Gs          , Re^Gvs      , Gs          , Gs          , Gs          , Re^Gvs      , Re^Gvs      , Gs          , Gs          , Gs          , Gs          , Ce          , Gs          , Gs          , Gs          , Gs          , Gg^Vh       , Gs          , Gs          , Gs          
Gs          , Gs          , Gs          , Gs          , Rd          , Rd          , Gs          , Gs          , Gs          , Gs          , Co          , 4 Ko        , Co          , Gs          , Gs          , Re^Gvs      , Re^Gvs      , Re^Gvs      , Gg^Vh       , Rd          , Re^Gvs      , Re^Gvs      , Gs          , Gs          , Gs          , Gs          , Rd          , Re^Gvs      , Re^Gvs      , Re^Gvs      , Re^Gvs      , Gs          , Gg^Wm       , Gs          , Re^Gvs      , Gs          , Gs          , Ch          , Rd          , Ch          , Gs          , Gs          , Gs          , Gs          , Re^Gvs      , Re^Gvs      , Re^Gvs      , Re^Gvs      , Re^Gvs      , Gs          , Gs          , Gs          , Gs          , Gs          , Gs          , Ce          , 1 Ke        , Ce          , Gs          , Gs          , Gs          , Gs          , Gs          , Gs          , Gs          
Gs          , Gs          , Rd          , Rd          , Gs          , Gs          , Gs          , Gs          , Gs          , Gs          , Gs          , Co          , Gs          , Gs          , Gs          , Re^Gvs      , Re^Gvs      , Re^Gvs      , Re^Gvs      , Re^Gvs      , Gs          , Gs          , Co          , Co          , Co          , Gs          , Gs          , Rd          , Rd          , Re^Gvs      , Gs          , Gg^Vh       , Re^Gvs      , Re^Gvs      , Re^Gvs      , Re^Gvs      , Re^Gvs      , Gs          , Gs          , Rd          , Rd          , Gg^Vh       , Re^Gvs      , Re^Gvs      , Re^Gvs      , Re^Gvs      , Re^Gvs      , Re^Gvs      , Gs          , Gs          , Gs          , Gs          , Gg^Vh       , Gs          , Gs          , Ce          , Ce          , Ce          , Gs          , Gs          , Gs          , Gs          , Gs          , Gs          , Gs          
Gs          , Rd          , Gs          , Gs          , Gs          , Gs          , Gs          , Gg^Vh       , Gs          , Gs          , Gs          , Gs          , Gs          , Gs          , Gg^Vh       , Gs          , Gs          , Re^Gvs      , Gs          , Gs          , Gs          , Gs          , Co          , 2 Ko        , Co          , Gs          , Gs          , Gs          , Rd          , Gs          , Gs          , Gs          , Gs          , Re^Gvs      , Re^Gvs      , Re^Gvs      , Re^Gvs      , Re^Gvs      , Re^Gvs      , Gg^Vh       , Rd          , Gs          , Gs          , Re^Gvs      , Re^Gvs      , Re^Gvs      , Gs          , Gs          , Gs          , Gs          , Gs          , Gs          , Rd          , Gs          , Gs          , Gs          , Gs          , Gs          , Rd          , Gs          , Rd          , Gs          , Rd          , Gs          , Rd          
Rd          , Rd          , Gs          , Gs          , Gs          , Gs          , Gs          , Gs          , Gs          , Gs          , Gs          , Gs          , Gs          , Gs          , Gs          , Gs          , Gs          , Gs          , Gs          , Gs          , Gs          , Gs          , Gs          , Co          , Gs          , Gs          , Gs          , Gs          , Gs          , Rd          , Rd          , Rd          , Rd          , Gs          , Gs          , Re^Gvs      , Re^Gvs      , Re^Gvs      , Gs          , Gs          , Gs          , Rd          , Rd          , Gs          , Gs          , Gs          , Rd          , Rd          , Rd          , Rd          , Rd          , Rd          , Gs          , Rd          , Rd          , Rd          , Rd          , Rd          , Gg^Vh       , Rd          , Gs          , Rd          , Gs          , Rd          , Gs          
Gs          , Gs          , Gs          , Gs          , Gs          , Gs          , Gs          , Gs          , Gs          , Gs          , Gs          , Gs          , Gs          , Gs          , Gs          , Gs          , Gs          , Gs          , Gs          , Gs          , Gs          , Gs          , Gs          , Gs          , Gs          , Gs          , Gs          , Gs          , Gs          , Gs          , Gs          , Gs          , Gs          , Rd          , Rd          , Rd          , Rd          , Rd          , Rd          , Rd          , Rd          , Rd          , Rd          , Rd          , Rd          , Rd          , Gs          , Gs          , Gs          , Gs          , Gs          , Gs          , Gs          , Gs          , Gs          , Gs          , Gs          , Gs          , Gs          , Gs          , Gs          , Gs          , Gs          , Gs          , Gs          
