border_size=1
usage=map

Ww          , Wo          , Wo          , Wo          , Wo          , Wo          , Wo          , Ww          , Gs^Ft       , Rd          , Gs^Ft       , Gs^Ft       , Ww          , Gs^Ft       , Ww          , Gs^Ft       , Gs^Ft       , Gs^Ft       , Ww          , Gs^Ft       , Gs^Ft       , Gs^Ft       , Gs^Ft       
Ww          , Wo          , Wo          , Wo          , Wo          , Wo          , Wo          , Ww          , Cv          , Kv          , Cv          , Ww          , Wo          , Wo          , Wo          , Wo          , Wo          , Ww          , Ggf         , Cv          , Wo          , Ww          , Wo          
Ww          , Ww          , Ww          , Wo          , Ww          , Ww          , Ww          , Ww          , Re          , Re          , Re          , Wo          , Wo          , Wo          , Gg          , Wo          , Wo          , Wo          , Gg          , Gg          , Gg          , Wo          , Wo          
Wo          , Wwf         , Ww          , Ww          , Wo          , Ww          , Ww          , Ds          , Gg^Ve       , Re^Gvs      , Re^Gvs      , Re          , Cv          , Gg          , Re^Gvs      , Gg          , Gg          , Gg          , Gg          , Gg          , Gg          , Gs^Ft       , Gg          
Wo          , Wo          , Ww          , Wwf         , Wo          , Ww          , Ds          , Ds          , Cv          , Re^Gvs      , Rd          , Re          , Re          , Gs^Ft       , Gg^Ve       , Re^Gvs      , Gg          , Gs^Ft       , Ggf         , Gg          , Gg          , Gg          , Gg          
Wo          , Wo          , Wo          , Ww          , Ww          , Ww          , Gg          , Cv          , 2 Kv        , Cv          , 1 Rd        , Rd          , Re          , Re          , Cv          , Re^Gvs      , Gg          , Gg          , Gg          , Gg^Vh       , Wwf         , Ww          , Ww          
Wo          , Wo          , Wo          , Ww^Vm       , Ww          , Ds          , Gg          , Cv          , Rd          , Cv          , Rd          , Rd          , Gg^Ve       , Re          , Gg          , Gs^Ft       , Gg          , Gg          , Ww          , Ww          , Gg          , Gg          , Wo          
Wo          , Wo          , Wo          , Wo          , Ww          , Ww          , Ww^Bw/      , Rd          , Ww          , Ww          , Ww^Bw/      , Rd          , Re          , Gg          , Re^Gvs      , Gg          , Gg          , Ww          , Ww          , Gg          , Gg^Ve       , Wo          , Wo          
Wo          , Wo          , Wo          , Wo          , Wo          , Ww          , Ww          , Ww          , Ww^Bw/      , Ww^Bw/      , Ww          , Re          , Cv          , Gg^Ve       , Re^Gvs      , Re^Gvs      , Ww          , Ww          , Wwf^Bw/     , Gg          , Wo          , Wo          , Wo          
Wo          , Wo          , Wo          , Wo          , Ds          , Ds          , Ds          , Ww          , Ww          , Ww          , Re^Gvs      , Re          , Gg          , Re^Gvs      , Gg          , Gg          , Gg          , Gg          , Ww          , Ww          , Wo          , Wo          , Ww          
Wo          , Wo          , Wo          , Wo          , Gg^Ve       , Gg          , Ww          , Ww          , Wo          , Mm          , Wo          , Wo          , Gg          , Gg          , Ggf         , Ww          , Ww          , Ww          , Wo          , Wo          , Wwf         , Gg          , Gg          
Wo          , Wo          , Wo          , Ds          , Gg          , Gg          , Wo          , Ww          , Ww          , Wo          , Wo          , Wo          , Wo          , Ds          , Ds          , Gg          , Ww          , Ww          , Ds          , Wo          , Ww          , Gg          , Ww          
